<?xml version="1.0" encoding="ISO-8859-1" ?>
<link_info>
   <banner>TI ARM Linker PC v20.2.1.LTS</banner>
   <copyright>Copyright (c) 1996-2018 Texas Instruments Incorporated</copyright>
   <link_time>0x5fc58d4e</link_time>
   <link_errors>0x0</link_errors>
   <output_file>TestBTMotors.out</output_file>
   <entry_point>
      <name>_c_int00_noargs</name>
      <address>0x5b09</address>
   </entry_point>
   <input_file_list>
      <input_file id="fl-2">
         <path>.\</path>
         <kind>object</kind>
         <file>AP.obj</file>
         <name>AP.obj</name>
      </input_file>
      <input_file id="fl-3">
         <path>.\</path>
         <kind>object</kind>
         <file>BTMOTOR.obj</file>
         <name>BTMOTOR.obj</name>
      </input_file>
      <input_file id="fl-4">
         <path>.\</path>
         <kind>object</kind>
         <file>Bump.obj</file>
         <name>Bump.obj</name>
      </input_file>
      <input_file id="fl-5">
         <path>.\</path>
         <kind>object</kind>
         <file>Clock.obj</file>
         <name>Clock.obj</name>
      </input_file>
      <input_file id="fl-6">
         <path>.\</path>
         <kind>object</kind>
         <file>CortexM.obj</file>
         <name>CortexM.obj</name>
      </input_file>
      <input_file id="fl-7">
         <path>.\</path>
         <kind>object</kind>
         <file>GPIO.obj</file>
         <name>GPIO.obj</name>
      </input_file>
      <input_file id="fl-8">
         <path>.\</path>
         <kind>object</kind>
         <file>LaunchPad.obj</file>
         <name>LaunchPad.obj</name>
      </input_file>
      <input_file id="fl-9">
         <path>.\</path>
         <kind>object</kind>
         <file>Motor.obj</file>
         <name>Motor.obj</name>
      </input_file>
      <input_file id="fl-a">
         <path>.\</path>
         <kind>object</kind>
         <file>PWM.obj</file>
         <name>PWM.obj</name>
      </input_file>
      <input_file id="fl-b">
         <path>.\</path>
         <kind>object</kind>
         <file>TA3InputCapture.obj</file>
         <name>TA3InputCapture.obj</name>
      </input_file>
      <input_file id="fl-c">
         <path>..\</path>
         <kind>object</kind>
         <file>UART0.obj</file>
         <name>UART0.obj</name>
      </input_file>
      <input_file id="fl-d">
         <path>.\</path>
         <kind>object</kind>
         <file>UART1.obj</file>
         <name>UART1.obj</name>
      </input_file>
      <input_file id="fl-e">
         <path>.\</path>
         <kind>object</kind>
         <file>startup_msp432p401r_ccs.obj</file>
         <name>startup_msp432p401r_ccs.obj</name>
      </input_file>
      <input_file id="fl-f">
         <path>.\</path>
         <kind>object</kind>
         <file>system_msp432p401r.obj</file>
         <name>system_msp432p401r.obj</name>
      </input_file>
      <input_file id="fl-13">
         <kind>object</kind>
         <file>&lt;internal&gt;</file>
         <name>&lt;internal&gt;</name>
      </input_file>
      <input_file id="fl-c9">
         <path>C:\ti\ccs1010\ccs\tools\compiler\ti-cgt-arm_20.2.1.LTS\lib\</path>
         <kind>archive</kind>
         <file>rtsv7M4_T_le_v4SPD16_eabi.lib</file>
         <name>printf.c.obj</name>
      </input_file>
      <input_file id="fl-ca">
         <path>C:\ti\ccs1010\ccs\tools\compiler\ti-cgt-arm_20.2.1.LTS\lib\</path>
         <kind>archive</kind>
         <file>rtsv7M4_T_le_v4SPD16_eabi.lib</file>
         <name>_printfi.c.obj</name>
      </input_file>
      <input_file id="fl-cb">
         <path>C:\ti\ccs1010\ccs\tools\compiler\ti-cgt-arm_20.2.1.LTS\lib\</path>
         <kind>archive</kind>
         <file>rtsv7M4_T_le_v4SPD16_eabi.lib</file>
         <name>fopen.c.obj</name>
      </input_file>
      <input_file id="fl-cc">
         <path>C:\ti\ccs1010\ccs\tools\compiler\ti-cgt-arm_20.2.1.LTS\lib\</path>
         <kind>archive</kind>
         <file>rtsv7M4_T_le_v4SPD16_eabi.lib</file>
         <name>fputc.c.obj</name>
      </input_file>
      <input_file id="fl-cd">
         <path>C:\ti\ccs1010\ccs\tools\compiler\ti-cgt-arm_20.2.1.LTS\lib\</path>
         <kind>archive</kind>
         <file>rtsv7M4_T_le_v4SPD16_eabi.lib</file>
         <name>fputs.c.obj</name>
      </input_file>
      <input_file id="fl-ce">
         <path>C:\ti\ccs1010\ccs\tools\compiler\ti-cgt-arm_20.2.1.LTS\lib\</path>
         <kind>archive</kind>
         <file>rtsv7M4_T_le_v4SPD16_eabi.lib</file>
         <name>_io_perm.c.obj</name>
      </input_file>
      <input_file id="fl-cf">
         <path>C:\ti\ccs1010\ccs\tools\compiler\ti-cgt-arm_20.2.1.LTS\lib\</path>
         <kind>archive</kind>
         <file>rtsv7M4_T_le_v4SPD16_eabi.lib</file>
         <name>setvbuf.c.obj</name>
      </input_file>
      <input_file id="fl-d0">
         <path>C:\ti\ccs1010\ccs\tools\compiler\ti-cgt-arm_20.2.1.LTS\lib\</path>
         <kind>archive</kind>
         <file>rtsv7M4_T_le_v4SPD16_eabi.lib</file>
         <name>memset_t2.asm.obj</name>
      </input_file>
      <input_file id="fl-d1">
         <path>C:\ti\ccs1010\ccs\tools\compiler\ti-cgt-arm_20.2.1.LTS\lib\</path>
         <kind>archive</kind>
         <file>rtsv7M4_T_le_v4SPD16_eabi.lib</file>
         <name>fd_add_t2.asm.obj</name>
      </input_file>
      <input_file id="fl-d2">
         <path>C:\ti\ccs1010\ccs\tools\compiler\ti-cgt-arm_20.2.1.LTS\lib\</path>
         <kind>archive</kind>
         <file>rtsv7M4_T_le_v4SPD16_eabi.lib</file>
         <name>fd_cmp_t2.asm.obj</name>
      </input_file>
      <input_file id="fl-d3">
         <path>C:\ti\ccs1010\ccs\tools\compiler\ti-cgt-arm_20.2.1.LTS\lib\</path>
         <kind>archive</kind>
         <file>rtsv7M4_T_le_v4SPD16_eabi.lib</file>
         <name>fd_div_t2.asm.obj</name>
      </input_file>
      <input_file id="fl-d4">
         <path>C:\ti\ccs1010\ccs\tools\compiler\ti-cgt-arm_20.2.1.LTS\lib\</path>
         <kind>archive</kind>
         <file>rtsv7M4_T_le_v4SPD16_eabi.lib</file>
         <name>fd_mul_t2.asm.obj</name>
      </input_file>
      <input_file id="fl-d5">
         <path>C:\ti\ccs1010\ccs\tools\compiler\ti-cgt-arm_20.2.1.LTS\lib\</path>
         <kind>archive</kind>
         <file>rtsv7M4_T_le_v4SPD16_eabi.lib</file>
         <name>fd_toi_t2.asm.obj</name>
      </input_file>
      <input_file id="fl-d6">
         <path>C:\ti\ccs1010\ccs\tools\compiler\ti-cgt-arm_20.2.1.LTS\lib\</path>
         <kind>archive</kind>
         <file>rtsv7M4_T_le_v4SPD16_eabi.lib</file>
         <name>i_tofd_t2.asm.obj</name>
      </input_file>
      <input_file id="fl-d7">
         <path>C:\ti\ccs1010\ccs\tools\compiler\ti-cgt-arm_20.2.1.LTS\lib\</path>
         <kind>archive</kind>
         <file>rtsv7M4_T_le_v4SPD16_eabi.lib</file>
         <name>memcpy_t2.asm.obj</name>
      </input_file>
      <input_file id="fl-d8">
         <path>C:\ti\ccs1010\ccs\tools\compiler\ti-cgt-arm_20.2.1.LTS\lib\</path>
         <kind>archive</kind>
         <file>rtsv7M4_T_le_v4SPD16_eabi.lib</file>
         <name>u_tofd_t2.asm.obj</name>
      </input_file>
      <input_file id="fl-d9">
         <path>C:\ti\ccs1010\ccs\tools\compiler\ti-cgt-arm_20.2.1.LTS\lib\</path>
         <kind>archive</kind>
         <file>rtsv7M4_T_le_v4SPD16_eabi.lib</file>
         <name>ull_div_t2.asm.obj</name>
      </input_file>
      <input_file id="fl-da">
         <path>C:\ti\ccs1010\ccs\tools\compiler\ti-cgt-arm_20.2.1.LTS\lib\</path>
         <kind>archive</kind>
         <file>rtsv7M4_T_le_v4SPD16_eabi.lib</file>
         <name>copy_zero_init.c.obj</name>
      </input_file>
      <input_file id="fl-db">
         <path>C:\ti\ccs1010\ccs\tools\compiler\ti-cgt-arm_20.2.1.LTS\lib\</path>
         <kind>archive</kind>
         <file>rtsv7M4_T_le_v4SPD16_eabi.lib</file>
         <name>copy_decompress_none.c.obj</name>
      </input_file>
      <input_file id="fl-dc">
         <path>C:\ti\ccs1010\ccs\tools\compiler\ti-cgt-arm_20.2.1.LTS\lib\</path>
         <kind>archive</kind>
         <file>rtsv7M4_T_le_v4SPD16_eabi.lib</file>
         <name>copy_decompress_lzss.c.obj</name>
      </input_file>
      <input_file id="fl-dd">
         <path>C:\ti\ccs1010\ccs\tools\compiler\ti-cgt-arm_20.2.1.LTS\lib\</path>
         <kind>archive</kind>
         <file>rtsv7M4_T_le_v4SPD16_eabi.lib</file>
         <name>exit.c.obj</name>
      </input_file>
      <input_file id="fl-de">
         <path>C:\ti\ccs1010\ccs\tools\compiler\ti-cgt-arm_20.2.1.LTS\lib\</path>
         <kind>archive</kind>
         <file>rtsv7M4_T_le_v4SPD16_eabi.lib</file>
         <name>_lock.c.obj</name>
      </input_file>
      <input_file id="fl-df">
         <path>C:\ti\ccs1010\ccs\tools\compiler\ti-cgt-arm_20.2.1.LTS\lib\</path>
         <kind>archive</kind>
         <file>rtsv7M4_T_le_v4SPD16_eabi.lib</file>
         <name>_ltoa.c.obj</name>
      </input_file>
      <input_file id="fl-e0">
         <path>C:\ti\ccs1010\ccs\tools\compiler\ti-cgt-arm_20.2.1.LTS\lib\</path>
         <kind>archive</kind>
         <file>rtsv7M4_T_le_v4SPD16_eabi.lib</file>
         <name>atoi.c.obj</name>
      </input_file>
      <input_file id="fl-e1">
         <path>C:\ti\ccs1010\ccs\tools\compiler\ti-cgt-arm_20.2.1.LTS\lib\</path>
         <kind>archive</kind>
         <file>rtsv7M4_T_le_v4SPD16_eabi.lib</file>
         <name>ctype.c.obj</name>
      </input_file>
      <input_file id="fl-e2">
         <path>C:\ti\ccs1010\ccs\tools\compiler\ti-cgt-arm_20.2.1.LTS\lib\</path>
         <kind>archive</kind>
         <file>rtsv7M4_T_le_v4SPD16_eabi.lib</file>
         <name>defs.c.obj</name>
      </input_file>
      <input_file id="fl-e3">
         <path>C:\ti\ccs1010\ccs\tools\compiler\ti-cgt-arm_20.2.1.LTS\lib\</path>
         <kind>archive</kind>
         <file>rtsv7M4_T_le_v4SPD16_eabi.lib</file>
         <name>memccpy.c.obj</name>
      </input_file>
      <input_file id="fl-e4">
         <path>C:\ti\ccs1010\ccs\tools\compiler\ti-cgt-arm_20.2.1.LTS\lib\</path>
         <kind>archive</kind>
         <file>rtsv7M4_T_le_v4SPD16_eabi.lib</file>
         <name>memchr.c.obj</name>
      </input_file>
      <input_file id="fl-e5">
         <path>C:\ti\ccs1010\ccs\tools\compiler\ti-cgt-arm_20.2.1.LTS\lib\</path>
         <kind>archive</kind>
         <file>rtsv7M4_T_le_v4SPD16_eabi.lib</file>
         <name>memory.c.obj</name>
      </input_file>
      <input_file id="fl-e6">
         <path>C:\ti\ccs1010\ccs\tools\compiler\ti-cgt-arm_20.2.1.LTS\lib\</path>
         <kind>archive</kind>
         <file>rtsv7M4_T_le_v4SPD16_eabi.lib</file>
         <name>strchr.c.obj</name>
      </input_file>
      <input_file id="fl-e7">
         <path>C:\ti\ccs1010\ccs\tools\compiler\ti-cgt-arm_20.2.1.LTS\lib\</path>
         <kind>archive</kind>
         <file>rtsv7M4_T_le_v4SPD16_eabi.lib</file>
         <name>strlen.c.obj</name>
      </input_file>
      <input_file id="fl-e8">
         <path>C:\ti\ccs1010\ccs\tools\compiler\ti-cgt-arm_20.2.1.LTS\lib\</path>
         <kind>archive</kind>
         <file>rtsv7M4_T_le_v4SPD16_eabi.lib</file>
         <name>write.c.obj</name>
      </input_file>
      <input_file id="fl-e9">
         <path>C:\ti\ccs1010\ccs\tools\compiler\ti-cgt-arm_20.2.1.LTS\lib\</path>
         <kind>archive</kind>
         <file>rtsv7M4_T_le_v4SPD16_eabi.lib</file>
         <name>host_device.c.obj</name>
      </input_file>
      <input_file id="fl-ea">
         <path>C:\ti\ccs1010\ccs\tools\compiler\ti-cgt-arm_20.2.1.LTS\lib\</path>
         <kind>archive</kind>
         <file>rtsv7M4_T_le_v4SPD16_eabi.lib</file>
         <name>open.c.obj</name>
      </input_file>
      <input_file id="fl-eb">
         <path>C:\ti\ccs1010\ccs\tools\compiler\ti-cgt-arm_20.2.1.LTS\lib\</path>
         <kind>archive</kind>
         <file>rtsv7M4_T_le_v4SPD16_eabi.lib</file>
         <name>add_device.c.obj</name>
      </input_file>
      <input_file id="fl-ec">
         <path>C:\ti\ccs1010\ccs\tools\compiler\ti-cgt-arm_20.2.1.LTS\lib\</path>
         <kind>archive</kind>
         <file>rtsv7M4_T_le_v4SPD16_eabi.lib</file>
         <name>errno.c.obj</name>
      </input_file>
      <input_file id="fl-ed">
         <path>C:\ti\ccs1010\ccs\tools\compiler\ti-cgt-arm_20.2.1.LTS\lib\</path>
         <kind>archive</kind>
         <file>rtsv7M4_T_le_v4SPD16_eabi.lib</file>
         <name>boot_cortex_m.c.obj</name>
      </input_file>
      <input_file id="fl-ee">
         <path>C:\ti\ccs1010\ccs\tools\compiler\ti-cgt-arm_20.2.1.LTS\lib\</path>
         <kind>archive</kind>
         <file>rtsv7M4_T_le_v4SPD16_eabi.lib</file>
         <name>s_frexp.c.obj</name>
      </input_file>
      <input_file id="fl-ef">
         <path>C:\ti\ccs1010\ccs\tools\compiler\ti-cgt-arm_20.2.1.LTS\lib\</path>
         <kind>archive</kind>
         <file>rtsv7M4_T_le_v4SPD16_eabi.lib</file>
         <name>s_scalbn.c.obj</name>
      </input_file>
      <input_file id="fl-f0">
         <path>C:\ti\ccs1010\ccs\tools\compiler\ti-cgt-arm_20.2.1.LTS\lib\</path>
         <kind>archive</kind>
         <file>rtsv7M4_T_le_v4SPD16_eabi.lib</file>
         <name>wcslen.c.obj</name>
      </input_file>
      <input_file id="fl-f1">
         <path>C:\ti\ccs1010\ccs\tools\compiler\ti-cgt-arm_20.2.1.LTS\lib\</path>
         <kind>archive</kind>
         <file>rtsv7M4_T_le_v4SPD16_eabi.lib</file>
         <name>fclose.c.obj</name>
      </input_file>
      <input_file id="fl-f2">
         <path>C:\ti\ccs1010\ccs\tools\compiler\ti-cgt-arm_20.2.1.LTS\lib\</path>
         <kind>archive</kind>
         <file>rtsv7M4_T_le_v4SPD16_eabi.lib</file>
         <name>fflush.c.obj</name>
      </input_file>
      <input_file id="fl-f3">
         <path>C:\ti\ccs1010\ccs\tools\compiler\ti-cgt-arm_20.2.1.LTS\lib\</path>
         <kind>archive</kind>
         <file>rtsv7M4_T_le_v4SPD16_eabi.lib</file>
         <name>fseek.c.obj</name>
      </input_file>
      <input_file id="fl-f4">
         <path>C:\ti\ccs1010\ccs\tools\compiler\ti-cgt-arm_20.2.1.LTS\lib\</path>
         <kind>archive</kind>
         <file>rtsv7M4_T_le_v4SPD16_eabi.lib</file>
         <name>getdevice.c.obj</name>
      </input_file>
      <input_file id="fl-f5">
         <path>C:\ti\ccs1010\ccs\tools\compiler\ti-cgt-arm_20.2.1.LTS\lib\</path>
         <kind>archive</kind>
         <file>rtsv7M4_T_le_v4SPD16_eabi.lib</file>
         <name>div0.asm.obj</name>
      </input_file>
      <input_file id="fl-f6">
         <path>C:\ti\ccs1010\ccs\tools\compiler\ti-cgt-arm_20.2.1.LTS\lib\</path>
         <kind>archive</kind>
         <file>rtsv7M4_T_le_v4SPD16_eabi.lib</file>
         <name>autoinit.c.obj</name>
      </input_file>
      <input_file id="fl-f7">
         <path>C:\ti\ccs1010\ccs\tools\compiler\ti-cgt-arm_20.2.1.LTS\lib\</path>
         <kind>archive</kind>
         <file>rtsv7M4_T_le_v4SPD16_eabi.lib</file>
         <name>pre_init.c.obj</name>
      </input_file>
      <input_file id="fl-f8">
         <path>C:\ti\ccs1010\ccs\tools\compiler\ti-cgt-arm_20.2.1.LTS\lib\</path>
         <kind>archive</kind>
         <file>rtsv7M4_T_le_v4SPD16_eabi.lib</file>
         <name>cpy_tbl.c.obj</name>
      </input_file>
      <input_file id="fl-f9">
         <path>C:\ti\ccs1010\ccs\tools\compiler\ti-cgt-arm_20.2.1.LTS\lib\</path>
         <kind>archive</kind>
         <file>rtsv7M4_T_le_v4SPD16_eabi.lib</file>
         <name>args_main.c.obj</name>
      </input_file>
      <input_file id="fl-fa">
         <path>C:\ti\ccs1010\ccs\tools\compiler\ti-cgt-arm_20.2.1.LTS\lib\</path>
         <kind>archive</kind>
         <file>rtsv7M4_T_le_v4SPD16_eabi.lib</file>
         <name>strcmp.c.obj</name>
      </input_file>
      <input_file id="fl-fb">
         <path>C:\ti\ccs1010\ccs\tools\compiler\ti-cgt-arm_20.2.1.LTS\lib\</path>
         <kind>archive</kind>
         <file>rtsv7M4_T_le_v4SPD16_eabi.lib</file>
         <name>strncpy.c.obj</name>
      </input_file>
      <input_file id="fl-fc">
         <path>C:\ti\ccs1010\ccs\tools\compiler\ti-cgt-arm_20.2.1.LTS\lib\</path>
         <kind>archive</kind>
         <file>rtsv7M4_T_le_v4SPD16_eabi.lib</file>
         <name>hostclose.c.obj</name>
      </input_file>
      <input_file id="fl-fd">
         <path>C:\ti\ccs1010\ccs\tools\compiler\ti-cgt-arm_20.2.1.LTS\lib\</path>
         <kind>archive</kind>
         <file>rtsv7M4_T_le_v4SPD16_eabi.lib</file>
         <name>hostlseek.c.obj</name>
      </input_file>
      <input_file id="fl-fe">
         <path>C:\ti\ccs1010\ccs\tools\compiler\ti-cgt-arm_20.2.1.LTS\lib\</path>
         <kind>archive</kind>
         <file>rtsv7M4_T_le_v4SPD16_eabi.lib</file>
         <name>hostopen.c.obj</name>
      </input_file>
      <input_file id="fl-ff">
         <path>C:\ti\ccs1010\ccs\tools\compiler\ti-cgt-arm_20.2.1.LTS\lib\</path>
         <kind>archive</kind>
         <file>rtsv7M4_T_le_v4SPD16_eabi.lib</file>
         <name>hostread.c.obj</name>
      </input_file>
      <input_file id="fl-100">
         <path>C:\ti\ccs1010\ccs\tools\compiler\ti-cgt-arm_20.2.1.LTS\lib\</path>
         <kind>archive</kind>
         <file>rtsv7M4_T_le_v4SPD16_eabi.lib</file>
         <name>hostrename.c.obj</name>
      </input_file>
      <input_file id="fl-101">
         <path>C:\ti\ccs1010\ccs\tools\compiler\ti-cgt-arm_20.2.1.LTS\lib\</path>
         <kind>archive</kind>
         <file>rtsv7M4_T_le_v4SPD16_eabi.lib</file>
         <name>hostunlink.c.obj</name>
      </input_file>
      <input_file id="fl-102">
         <path>C:\ti\ccs1010\ccs\tools\compiler\ti-cgt-arm_20.2.1.LTS\lib\</path>
         <kind>archive</kind>
         <file>rtsv7M4_T_le_v4SPD16_eabi.lib</file>
         <name>hostwrite.c.obj</name>
      </input_file>
      <input_file id="fl-103">
         <path>C:\ti\ccs1010\ccs\tools\compiler\ti-cgt-arm_20.2.1.LTS\lib\</path>
         <kind>archive</kind>
         <file>rtsv7M4_T_le_v4SPD16_eabi.lib</file>
         <name>trgmsg.c.obj</name>
      </input_file>
      <input_file id="fl-104">
         <path>C:\ti\ccs1010\ccs\tools\compiler\ti-cgt-arm_20.2.1.LTS\lib\</path>
         <kind>archive</kind>
         <file>rtsv7M4_T_le_v4SPD16_eabi.lib</file>
         <name>remove.c.obj</name>
      </input_file>
      <input_file id="fl-105">
         <path>C:\ti\ccs1010\ccs\tools\compiler\ti-cgt-arm_20.2.1.LTS\lib\</path>
         <kind>archive</kind>
         <file>rtsv7M4_T_le_v4SPD16_eabi.lib</file>
         <name>lseek.c.obj</name>
      </input_file>
      <input_file id="fl-106">
         <path>C:\ti\ccs1010\ccs\tools\compiler\ti-cgt-arm_20.2.1.LTS\lib\</path>
         <kind>archive</kind>
         <file>rtsv7M4_T_le_v4SPD16_eabi.lib</file>
         <name>close.c.obj</name>
      </input_file>
      <input_file id="fl-107">
         <path>C:\ti\ccs1010\ccs\tools\compiler\ti-cgt-arm_20.2.1.LTS\lib\</path>
         <kind>archive</kind>
         <file>rtsv7M4_T_le_v4SPD16_eabi.lib</file>
         <name>s_copysign.c.obj</name>
      </input_file>
      <input_file id="fl-108">
         <path>C:\ti\ccs1010\ccs\tools\compiler\ti-cgt-arm_20.2.1.LTS\lib\</path>
         <kind>archive</kind>
         <file>rtsv7M4_T_le_v4SPD16_eabi.lib</file>
         <name>strcpy.c.obj</name>
      </input_file>
      <input_file id="fl-109">
         <path>C:\ti\ccs1010\ccs\tools\compiler\ti-cgt-arm_20.2.1.LTS\lib\</path>
         <kind>archive</kind>
         <file>rtsv7M4_T_le_v4SPD16_eabi.lib</file>
         <name>unlink.c.obj</name>
      </input_file>
   </input_file_list>
   <object_component_list>
      <object_component id="oc-26">
         <name>.intvecs:retain</name>
         <load_address>0x0</load_address>
         <run_address>0x0</run_address>
         <size>0xe4</size>
         <input_file_ref idref="fl-e"/>
      </object_component>
      <object_component id="oc-11b">
         <name>.text</name>
         <load_address>0xe4</load_address>
         <run_address>0xe4</run_address>
         <size>0x1054</size>
         <input_file_ref idref="fl-2"/>
      </object_component>
      <object_component id="oc-25c">
         <name>.text:__TI_printfi</name>
         <load_address>0x1138</load_address>
         <run_address>0x1138</run_address>
         <size>0xa4e</size>
         <input_file_ref idref="fl-ca"/>
      </object_component>
      <object_component id="oc-396">
         <name>.text:_nop</name>
         <load_address>0x1b86</load_address>
         <run_address>0x1b86</run_address>
         <size>0x2</size>
         <input_file_ref idref="fl-de"/>
      </object_component>
      <object_component id="oc-a6">
         <name>.text</name>
         <load_address>0x1b88</load_address>
         <run_address>0x1b88</run_address>
         <size>0x834</size>
         <input_file_ref idref="fl-3"/>
      </object_component>
      <object_component id="oc-f3">
         <name>.text</name>
         <load_address>0x23bc</load_address>
         <run_address>0x23bc</run_address>
         <size>0x6e0</size>
         <input_file_ref idref="fl-c"/>
      </object_component>
      <object_component id="oc-23c">
         <name>.text</name>
         <load_address>0x2a9c</load_address>
         <run_address>0x2a9c</run_address>
         <size>0x4d4</size>
         <input_file_ref idref="fl-a"/>
      </object_component>
      <object_component id="oc-b8">
         <name>.text</name>
         <load_address>0x2f70</load_address>
         <run_address>0x2f70</run_address>
         <size>0x32c</size>
         <input_file_ref idref="fl-f"/>
      </object_component>
      <object_component id="oc-372">
         <name>.text:_pconv_a</name>
         <load_address>0x329c</load_address>
         <run_address>0x329c</run_address>
         <size>0x270</size>
         <input_file_ref idref="fl-ca"/>
      </object_component>
      <object_component id="oc-109">
         <name>.text</name>
         <load_address>0x350c</load_address>
         <run_address>0x350c</run_address>
         <size>0x1e0</size>
         <input_file_ref idref="fl-5"/>
      </object_component>
      <object_component id="oc-360">
         <name>.text:_pconv_g</name>
         <load_address>0x36ec</load_address>
         <run_address>0x36ec</run_address>
         <size>0x1d0</size>
         <input_file_ref idref="fl-ca"/>
      </object_component>
      <object_component id="oc-33e">
         <name>.text</name>
         <load_address>0x38bc</load_address>
         <run_address>0x38bc</run_address>
         <size>0x1b6</size>
         <input_file_ref idref="fl-d1"/>
      </object_component>
      <object_component id="oc-531">
         <name>.text</name>
         <load_address>0x3a72</load_address>
         <run_address>0x3a72</run_address>
         <size>0x2</size>
         <input_file_ref idref="fl-f5"/>
      </object_component>
      <object_component id="oc-76">
         <name>.text</name>
         <load_address>0x3a74</load_address>
         <run_address>0x3a74</run_address>
         <size>0x1a4</size>
         <input_file_ref idref="fl-d"/>
      </object_component>
      <object_component id="oc-121">
         <name>.text</name>
         <load_address>0x3c18</load_address>
         <run_address>0x3c18</run_address>
         <size>0x14c</size>
         <input_file_ref idref="fl-9"/>
      </object_component>
      <object_component id="oc-36c">
         <name>.text:_pconv_e</name>
         <load_address>0x3d64</load_address>
         <run_address>0x3d64</run_address>
         <size>0x13c</size>
         <input_file_ref idref="fl-ca"/>
      </object_component>
      <object_component id="oc-339">
         <name>.text</name>
         <load_address>0x3ea0</load_address>
         <run_address>0x3ea0</run_address>
         <size>0x136</size>
         <input_file_ref idref="fl-d3"/>
      </object_component>
      <object_component id="oc-479">
         <name>.text:fcvt</name>
         <load_address>0x3fd8</load_address>
         <run_address>0x3fd8</run_address>
         <size>0x124</size>
         <input_file_ref idref="fl-ca"/>
      </object_component>
      <object_component id="oc-3a0">
         <name>.text:fputs</name>
         <load_address>0x40fc</load_address>
         <run_address>0x40fc</run_address>
         <size>0x114</size>
         <input_file_ref idref="fl-cd"/>
      </object_component>
      <object_component id="oc-48d">
         <name>.text:scalbn</name>
         <load_address>0x4210</load_address>
         <run_address>0x4210</run_address>
         <size>0x110</size>
         <input_file_ref idref="fl-ef"/>
      </object_component>
      <object_component id="oc-70">
         <name>.text</name>
         <load_address>0x4320</load_address>
         <run_address>0x4320</run_address>
         <size>0x10c</size>
         <input_file_ref idref="fl-b"/>
      </object_component>
      <object_component id="oc-2d5">
         <name>.text:_openfile</name>
         <load_address>0x442c</load_address>
         <run_address>0x442c</run_address>
         <size>0x10c</size>
         <input_file_ref idref="fl-cb"/>
      </object_component>
      <object_component id="oc-43c">
         <name>.text:aligned_alloc</name>
         <load_address>0x4538</load_address>
         <run_address>0x4538</run_address>
         <size>0x108</size>
         <input_file_ref idref="fl-e5"/>
      </object_component>
      <object_component id="oc-45c">
         <name>.text</name>
         <load_address>0x4640</load_address>
         <run_address>0x4640</run_address>
         <size>0xfc</size>
         <input_file_ref idref="fl-d4"/>
      </object_component>
      <object_component id="oc-10f">
         <name>.text</name>
         <load_address>0x473c</load_address>
         <run_address>0x473c</run_address>
         <size>0xf4</size>
         <input_file_ref idref="fl-8"/>
      </object_component>
      <object_component id="oc-2e8">
         <name>.text:free</name>
         <load_address>0x4830</load_address>
         <run_address>0x4830</run_address>
         <size>0xe4</size>
         <input_file_ref idref="fl-e5"/>
      </object_component>
      <object_component id="oc-1e0">
         <name>.text:setvbuf</name>
         <load_address>0x4914</load_address>
         <run_address>0x4914</run_address>
         <size>0xdc</size>
         <input_file_ref idref="fl-cf"/>
      </object_component>
      <object_component id="oc-200">
         <name>.text</name>
         <load_address>0x49f0</load_address>
         <run_address>0x49f0</run_address>
         <size>0xc0</size>
         <input_file_ref idref="fl-7"/>
      </object_component>
      <object_component id="oc-40f">
         <name>.text:open</name>
         <load_address>0x4ab0</load_address>
         <run_address>0x4ab0</run_address>
         <size>0xbc</size>
         <input_file_ref idref="fl-ea"/>
      </object_component>
      <object_component id="oc-1ce">
         <name>.text:add_device</name>
         <load_address>0x4b6c</load_address>
         <run_address>0x4b6c</run_address>
         <size>0xb8</size>
         <input_file_ref idref="fl-eb"/>
      </object_component>
      <object_component id="oc-355">
         <name>.text:_ltostr</name>
         <load_address>0x4c24</load_address>
         <run_address>0x4c24</run_address>
         <size>0xb1</size>
         <input_file_ref idref="fl-ca"/>
      </object_component>
      <object_component id="oc-1d4">
         <name>.text:fopen</name>
         <load_address>0x4cd8</load_address>
         <run_address>0x4cd8</run_address>
         <size>0x9c</size>
         <input_file_ref idref="fl-cb"/>
      </object_component>
      <object_component id="oc-3a">
         <name>.text</name>
         <load_address>0x4d74</load_address>
         <run_address>0x4d74</run_address>
         <size>0x9c</size>
         <input_file_ref idref="fl-d7"/>
      </object_component>
      <object_component id="oc-455">
         <name>.text</name>
         <load_address>0x4e10</load_address>
         <run_address>0x4e10</run_address>
         <size>0x96</size>
         <input_file_ref idref="fl-d9"/>
      </object_component>
      <object_component id="oc-3a7">
         <name>.text:fputc</name>
         <load_address>0x4ea8</load_address>
         <run_address>0x4ea8</run_address>
         <size>0x8c</size>
         <input_file_ref idref="fl-cc"/>
      </object_component>
      <object_component id="oc-35b">
         <name>.text:__aeabi_cdcmple</name>
         <load_address>0x4f34</load_address>
         <run_address>0x4f34</run_address>
         <size>0x86</size>
         <input_file_ref idref="fl-d2"/>
      </object_component>
      <object_component id="oc-461">
         <name>.text:__aeabi_cdrcmple</name>
         <load_address>0x4fba</load_address>
         <run_address>0x4fba</run_address>
         <size>0x86</size>
         <input_file_ref idref="fl-d2"/>
      </object_component>
      <object_component id="oc-9a">
         <name>.text</name>
         <load_address>0x5040</load_address>
         <run_address>0x5040</run_address>
         <size>0x7a</size>
         <input_file_ref idref="fl-d0"/>
      </object_component>
      <object_component id="oc-2e1">
         <name>.text:__TI_closefile</name>
         <load_address>0x50bc</load_address>
         <run_address>0x50bc</run_address>
         <size>0x74</size>
         <input_file_ref idref="fl-f1"/>
      </object_component>
      <object_component id="oc-115">
         <name>.text</name>
         <load_address>0x5130</load_address>
         <run_address>0x5130</run_address>
         <size>0x70</size>
         <input_file_ref idref="fl-4"/>
      </object_component>
      <object_component id="oc-521">
         <name>.text:split</name>
         <load_address>0x51a0</load_address>
         <run_address>0x51a0</run_address>
         <size>0x70</size>
         <input_file_ref idref="fl-e5"/>
      </object_component>
      <object_component id="oc-472">
         <name>.text:_mcpy</name>
         <load_address>0x5210</load_address>
         <run_address>0x5210</run_address>
         <size>0x6e</size>
         <input_file_ref idref="fl-ca"/>
      </object_component>
      <object_component id="oc-3fa">
         <name>.text:HOSTrename</name>
         <load_address>0x5280</load_address>
         <run_address>0x5280</run_address>
         <size>0x6c</size>
         <input_file_ref idref="fl-100"/>
      </object_component>
      <object_component id="oc-3ee">
         <name>.text:HOSTlseek</name>
         <load_address>0x52ec</load_address>
         <run_address>0x52ec</run_address>
         <size>0x68</size>
         <input_file_ref idref="fl-fd"/>
      </object_component>
      <object_component id="oc-17">
         <name>.text:decompress:lzss:__TI_decompress_lzss</name>
         <load_address>0x5354</load_address>
         <run_address>0x5354</run_address>
         <size>0x68</size>
         <input_file_ref idref="fl-dc"/>
      </object_component>
      <object_component id="oc-148">
         <name>.text:printf</name>
         <load_address>0x53bc</load_address>
         <run_address>0x53bc</run_address>
         <size>0x68</size>
         <input_file_ref idref="fl-c9"/>
      </object_component>
      <object_component id="oc-487">
         <name>.text:frexp</name>
         <load_address>0x5424</load_address>
         <run_address>0x5424</run_address>
         <size>0x64</size>
         <input_file_ref idref="fl-ee"/>
      </object_component>
      <object_component id="oc-562">
         <name>.text:fseek</name>
         <load_address>0x5488</load_address>
         <run_address>0x5488</run_address>
         <size>0x64</size>
         <input_file_ref idref="fl-f3"/>
      </object_component>
      <object_component id="oc-4b7">
         <name>.text:__TI_wrt_ok</name>
         <load_address>0x54ec</load_address>
         <run_address>0x54ec</run_address>
         <size>0x62</size>
         <input_file_ref idref="fl-ce"/>
      </object_component>
      <object_component id="oc-3d6">
         <name>.text:HOSTopen</name>
         <load_address>0x5550</load_address>
         <run_address>0x5550</run_address>
         <size>0x60</size>
         <input_file_ref idref="fl-fe"/>
      </object_component>
      <object_component id="oc-420">
         <name>.text:close</name>
         <load_address>0x55b0</load_address>
         <run_address>0x55b0</run_address>
         <size>0x5c</size>
         <input_file_ref idref="fl-106"/>
      </object_component>
      <object_component id="oc-3e2">
         <name>.text:HOSTread</name>
         <load_address>0x560c</load_address>
         <run_address>0x560c</run_address>
         <size>0x58</size>
         <input_file_ref idref="fl-ff"/>
      </object_component>
      <object_component id="oc-3e8">
         <name>.text:HOSTwrite</name>
         <load_address>0x5664</load_address>
         <run_address>0x5664</run_address>
         <size>0x58</size>
         <input_file_ref idref="fl-102"/>
      </object_component>
      <object_component id="oc-366">
         <name>.text:_pconv_f</name>
         <load_address>0x56bc</load_address>
         <run_address>0x56bc</run_address>
         <size>0x56</size>
         <input_file_ref idref="fl-ca"/>
      </object_component>
      <object_component id="oc-466">
         <name>.text:__TI_ltoa</name>
         <load_address>0x5712</load_address>
         <run_address>0x5712</run_address>
         <size>0x54</size>
         <input_file_ref idref="fl-df"/>
      </object_component>
      <object_component id="oc-46c">
         <name>.text:_ecpy</name>
         <load_address>0x5766</load_address>
         <run_address>0x5766</run_address>
         <size>0x52</size>
         <input_file_ref idref="fl-ca"/>
      </object_component>
      <object_component id="oc-41a">
         <name>.text:__TI_doflush</name>
         <load_address>0x57b8</load_address>
         <run_address>0x57b8</run_address>
         <size>0x4c</size>
         <input_file_ref idref="fl-f2"/>
      </object_component>
      <object_component id="oc-34f">
         <name>.text:atoi</name>
         <load_address>0x5804</load_address>
         <run_address>0x5804</run_address>
         <size>0x4c</size>
         <input_file_ref idref="fl-e0"/>
      </object_component>
      <object_component id="oc-17b">
         <name>.text:exit</name>
         <load_address>0x5850</load_address>
         <run_address>0x5850</run_address>
         <size>0x48</size>
         <input_file_ref idref="fl-dd"/>
      </object_component>
      <object_component id="oc-343">
         <name>.text</name>
         <load_address>0x5898</load_address>
         <run_address>0x5898</run_address>
         <size>0x48</size>
         <input_file_ref idref="fl-d5"/>
      </object_component>
      <object_component id="oc-3dc">
         <name>.text:HOSTclose</name>
         <load_address>0x58e0</load_address>
         <run_address>0x58e0</run_address>
         <size>0x44</size>
         <input_file_ref idref="fl-fc"/>
      </object_component>
      <object_component id="oc-3f4">
         <name>.text:HOSTunlink</name>
         <load_address>0x5924</load_address>
         <run_address>0x5924</run_address>
         <size>0x44</size>
         <input_file_ref idref="fl-101"/>
      </object_component>
      <object_component id="oc-181">
         <name>.text:__TI_auto_init_nobinit_nopinit:__TI_auto_init_nobinit_nopinit</name>
         <load_address>0x5968</load_address>
         <run_address>0x5968</run_address>
         <size>0x44</size>
         <input_file_ref idref="fl-f6"/>
      </object_component>
      <object_component id="oc-508">
         <name>.text:getdevice</name>
         <load_address>0x59ac</load_address>
         <run_address>0x59ac</run_address>
         <size>0x44</size>
         <input_file_ref idref="fl-f4"/>
      </object_component>
      <object_component id="oc-47f">
         <name>.text:_fcpy</name>
         <load_address>0x59f0</load_address>
         <run_address>0x59f0</run_address>
         <size>0x3e</size>
         <input_file_ref idref="fl-ca"/>
      </object_component>
      <object_component id="oc-4df">
         <name>.text:__TI_writemsg</name>
         <load_address>0x5a30</load_address>
         <run_address>0x5a30</run_address>
         <size>0x38</size>
         <input_file_ref idref="fl-103"/>
      </object_component>
      <object_component id="oc-2c9">
         <name>.text:strncpy</name>
         <load_address>0x5a68</load_address>
         <run_address>0x5a68</run_address>
         <size>0x36</size>
         <input_file_ref idref="fl-fb"/>
      </object_component>
      <object_component id="oc-2f4">
         <name>.text:__TI_cleanup</name>
         <load_address>0x5aa0</load_address>
         <run_address>0x5aa0</run_address>
         <size>0x34</size>
         <input_file_ref idref="fl-cb"/>
      </object_component>
      <object_component id="oc-4e5">
         <name>.text:__TI_readmsg</name>
         <load_address>0x5ad4</load_address>
         <run_address>0x5ad4</run_address>
         <size>0x34</size>
         <input_file_ref idref="fl-103"/>
      </object_component>
      <object_component id="oc-58">
         <name>.text:_c_int00_noargs:_c_int00_noargs</name>
         <load_address>0x5b08</load_address>
         <run_address>0x5b08</run_address>
         <size>0x34</size>
         <input_file_ref idref="fl-ed"/>
      </object_component>
      <object_component id="oc-1da">
         <name>.text:freopen</name>
         <load_address>0x5b3c</load_address>
         <run_address>0x5b3c</run_address>
         <size>0x34</size>
         <input_file_ref idref="fl-cb"/>
      </object_component>
      <object_component id="oc-2c3">
         <name>.text:finddevice</name>
         <load_address>0x5b70</load_address>
         <run_address>0x5b70</run_address>
         <size>0x30</size>
         <input_file_ref idref="fl-f4"/>
      </object_component>
      <object_component id="oc-334">
         <name>.text</name>
         <load_address>0x5ba0</load_address>
         <run_address>0x5ba0</run_address>
         <size>0x2e</size>
         <input_file_ref idref="fl-d6"/>
      </object_component>
      <object_component id="oc-426">
         <name>.text:unlink</name>
         <load_address>0x5bd0</load_address>
         <run_address>0x5bd0</run_address>
         <size>0x2c</size>
         <input_file_ref idref="fl-109"/>
      </object_component>
      <object_component id="oc-435">
         <name>.text:free_list_insert</name>
         <load_address>0x5bfc</load_address>
         <run_address>0x5bfc</run_address>
         <size>0x28</size>
         <input_file_ref idref="fl-e5"/>
      </object_component>
      <object_component id="oc-5a8">
         <name>.text:lseek</name>
         <load_address>0x5c24</load_address>
         <run_address>0x5c24</run_address>
         <size>0x28</size>
         <input_file_ref idref="fl-105"/>
      </object_component>
      <object_component id="oc-4c3">
         <name>.text:write</name>
         <load_address>0x5c4c</load_address>
         <run_address>0x5c4c</run_address>
         <size>0x28</size>
         <input_file_ref idref="fl-e8"/>
      </object_component>
      <object_component id="oc-103">
         <name>.text</name>
         <load_address>0x5c74</load_address>
         <run_address>0x5c74</run_address>
         <size>0x24</size>
         <input_file_ref idref="fl-6"/>
      </object_component>
      <object_component id="oc-4bd">
         <name>.text:memchr</name>
         <load_address>0x5c98</load_address>
         <run_address>0x5c98</run_address>
         <size>0x20</size>
         <input_file_ref idref="fl-e4"/>
      </object_component>
      <object_component id="oc-32f">
         <name>.text</name>
         <load_address>0x5cb8</load_address>
         <run_address>0x5cb8</run_address>
         <size>0x20</size>
         <input_file_ref idref="fl-d8"/>
      </object_component>
      <object_component id="oc-42f">
         <name>.text:free_list_remove</name>
         <load_address>0x5cd8</load_address>
         <run_address>0x5cd8</run_address>
         <size>0x1c</size>
         <input_file_ref idref="fl-e5"/>
      </object_component>
      <object_component id="oc-378">
         <name>.text:memccpy</name>
         <load_address>0x5cf4</load_address>
         <run_address>0x5cf4</run_address>
         <size>0x1c</size>
         <input_file_ref idref="fl-e3"/>
      </object_component>
      <object_component id="oc-546">
         <name>.text:copysign</name>
         <load_address>0x5d10</load_address>
         <run_address>0x5d10</run_address>
         <size>0x1a</size>
         <input_file_ref idref="fl-107"/>
      </object_component>
      <object_component id="oc-3cc">
         <name>.text:strcmp</name>
         <load_address>0x5d2a</load_address>
         <run_address>0x5d2a</run_address>
         <size>0x18</size>
         <input_file_ref idref="fl-fa"/>
      </object_component>
      <object_component id="oc-493">
         <name>.text:strchr</name>
         <load_address>0x5d42</load_address>
         <run_address>0x5d42</run_address>
         <size>0x16</size>
         <input_file_ref idref="fl-e6"/>
      </object_component>
      <object_component id="oc-4f9">
         <name>.text:strcpy</name>
         <load_address>0x5d58</load_address>
         <run_address>0x5d58</run_address>
         <size>0x14</size>
         <input_file_ref idref="fl-108"/>
      </object_component>
      <object_component id="oc-349">
         <name>.text:strlen</name>
         <load_address>0x5d6c</load_address>
         <run_address>0x5d6c</run_address>
         <size>0x14</size>
         <input_file_ref idref="fl-e7"/>
      </object_component>
      <object_component id="oc-37e">
         <name>.text:wcslen</name>
         <load_address>0x5d80</load_address>
         <run_address>0x5d80</run_address>
         <size>0x12</size>
         <input_file_ref idref="fl-f0"/>
      </object_component>
      <object_component id="oc-1d">
         <name>.text:decompress:none:__TI_decompress_none</name>
         <load_address>0x5d92</load_address>
         <run_address>0x5d92</run_address>
         <size>0xe</size>
         <input_file_ref idref="fl-db"/>
      </object_component>
      <object_component id="oc-6a">
         <name>.text</name>
         <load_address>0x5da0</load_address>
         <run_address>0x5da0</run_address>
         <size>0xe</size>
         <input_file_ref idref="fl-e"/>
      </object_component>
      <object_component id="oc-4c">
         <name>.text:decompress:ZI:__TI_zero_init</name>
         <load_address>0x5dae</load_address>
         <run_address>0x5dae</run_address>
         <size>0xc</size>
         <input_file_ref idref="fl-da"/>
      </object_component>
      <object_component id="oc-384">
         <name>.text:__aeabi_errno_addr</name>
         <load_address>0x5dbc</load_address>
         <run_address>0x5dbc</run_address>
         <size>0x8</size>
         <input_file_ref idref="fl-ec"/>
      </object_component>
      <object_component id="oc-2ee">
         <name>.text:malloc</name>
         <load_address>0x5dc4</load_address>
         <run_address>0x5dc4</run_address>
         <size>0x8</size>
         <input_file_ref idref="fl-e5"/>
      </object_component>
      <object_component id="oc-26b">
         <name>.text:_outc</name>
         <load_address>0x5dcc</load_address>
         <run_address>0x5dcc</run_address>
         <size>0x4</size>
         <input_file_ref idref="fl-c9"/>
      </object_component>
      <object_component id="oc-265">
         <name>.text:_outs</name>
         <load_address>0x5dd0</load_address>
         <run_address>0x5dd0</run_address>
         <size>0x4</size>
         <input_file_ref idref="fl-c9"/>
      </object_component>
      <object_component id="oc-a0">
         <name>.text:_system_pre_init</name>
         <load_address>0x5dd4</load_address>
         <run_address>0x5dd4</run_address>
         <size>0x4</size>
         <input_file_ref idref="fl-f7"/>
      </object_component>
      <object_component id="oc-175">
         <name>.text:abort:abort</name>
         <load_address>0x5dd8</load_address>
         <run_address>0x5dd8</run_address>
         <size>0x4</size>
         <input_file_ref idref="fl-dd"/>
      </object_component>
      <object_component id="oc-450">
         <name>.const:.string:_ctypes_</name>
         <load_address>0x5ddc</load_address>
         <run_address>0x5ddc</run_address>
         <size>0x101</size>
         <input_file_ref idref="fl-e1"/>
      </object_component>
      <object_component id="oc-162">
         <name>.const:.string:NPI_SetAdvertisementDataMsg</name>
         <load_address>0x5edd</load_address>
         <run_address>0x5edd</run_address>
         <size>0x21</size>
         <input_file_ref idref="fl-3"/>
      </object_component>
      <object_component id="oc-127">
         <name>.const:.string:NPI_GATTSetDeviceNameMsg</name>
         <load_address>0x5efe</load_address>
         <run_address>0x5efe</run_address>
         <size>0x18</size>
         <input_file_ref idref="fl-3"/>
      </object_component>
      <object_component id="oc-142">
         <name>.const:.string:NPI_AddCharDescriptor2</name>
         <load_address>0x5f16</load_address>
         <run_address>0x5f16</run_address>
         <size>0x15</size>
         <input_file_ref idref="fl-3"/>
      </object_component>
      <object_component id="oc-229">
         <name>.const:.string:NPI_StartAdvertisement</name>
         <load_address>0x5f2b</load_address>
         <run_address>0x5f2b</run_address>
         <size>0x14</size>
         <input_file_ref idref="fl-2"/>
      </object_component>
      <object_component id="oc-165">
         <name>.const:.string:NPI_StartAdvertisementMsg</name>
         <load_address>0x5f3f</load_address>
         <run_address>0x5f3f</run_address>
         <size>0x14</size>
         <input_file_ref idref="fl-3"/>
      </object_component>
      <object_component id="oc-157">
         <name>.const:.string:NPI_AddCharDescriptor4</name>
         <load_address>0x5f53</load_address>
         <run_address>0x5f53</run_address>
         <size>0x13</size>
         <input_file_ref idref="fl-3"/>
      </object_component>
      <object_component id="oc-13b">
         <name>.const:.string:NPI_AddCharDescriptor1</name>
         <load_address>0x5f66</load_address>
         <run_address>0x5f66</run_address>
         <size>0x11</size>
         <input_file_ref idref="fl-3"/>
      </object_component>
      <object_component id="oc-14f">
         <name>.const:.string:NPI_AddCharDescriptor3</name>
         <load_address>0x5f77</load_address>
         <run_address>0x5f77</run_address>
         <size>0x11</size>
         <input_file_ref idref="fl-3"/>
      </object_component>
      <object_component id="oc-223">
         <name>.const:.string:NPI_SetAdvertisement1</name>
         <load_address>0x5f88</load_address>
         <run_address>0x5f88</run_address>
         <size>0x11</size>
         <input_file_ref idref="fl-2"/>
      </object_component>
      <object_component id="oc-15f">
         <name>.const:.string:NPI_SetAdvertisementMsg</name>
         <load_address>0x5f99</load_address>
         <run_address>0x5f99</run_address>
         <size>0x11</size>
         <input_file_ref idref="fl-3"/>
      </object_component>
      <object_component id="oc-137">
         <name>.const:.string:NPI_AddCharValue1</name>
         <load_address>0x5faa</load_address>
         <run_address>0x5faa</run_address>
         <size>0xe</size>
         <input_file_ref idref="fl-3"/>
      </object_component>
      <object_component id="oc-13e">
         <name>.const:.string:NPI_AddCharValue2</name>
         <load_address>0x5fb8</load_address>
         <run_address>0x5fb8</run_address>
         <size>0xe</size>
         <input_file_ref idref="fl-3"/>
      </object_component>
      <object_component id="oc-145">
         <name>.const:.string:NPI_AddCharValue3</name>
         <load_address>0x5fc6</load_address>
         <run_address>0x5fc6</run_address>
         <size>0xe</size>
         <input_file_ref idref="fl-3"/>
      </object_component>
      <object_component id="oc-153">
         <name>.const:.string:NPI_AddCharValue4</name>
         <load_address>0x5fd4</load_address>
         <run_address>0x5fd4</run_address>
         <size>0xe</size>
         <input_file_ref idref="fl-3"/>
      </object_component>
      <object_component id="oc-208">
         <name>.const:.string:HCI_EXT_ResetSystemCmd</name>
         <load_address>0x5fe2</load_address>
         <run_address>0x5fe2</run_address>
         <size>0x9</size>
         <input_file_ref idref="fl-2"/>
      </object_component>
      <object_component id="oc-133">
         <name>.const:.string:NPI_AddServiceMsg</name>
         <load_address>0x5feb</load_address>
         <run_address>0x5feb</run_address>
         <size>0x9</size>
         <input_file_ref idref="fl-3"/>
      </object_component>
      <object_component id="oc-22c">
         <name>.const:.string:NPI_GetStatus</name>
         <load_address>0x5ff4</load_address>
         <run_address>0x5ff4</run_address>
         <size>0x6</size>
         <input_file_ref idref="fl-2"/>
      </object_component>
      <object_component id="oc-12d">
         <name>.const:.string:NPI_GetStatusMsg</name>
         <load_address>0x5ffa</load_address>
         <run_address>0x5ffa</run_address>
         <size>0x6</size>
         <input_file_ref idref="fl-3"/>
      </object_component>
      <object_component id="oc-22f">
         <name>.const:.string:NPI_GetVersion</name>
         <load_address>0x6000</load_address>
         <run_address>0x6000</run_address>
         <size>0x6</size>
         <input_file_ref idref="fl-2"/>
      </object_component>
      <object_component id="oc-130">
         <name>.const:.string:NPI_GetVersionMsg</name>
         <load_address>0x6006</load_address>
         <run_address>0x6006</run_address>
         <size>0x6</size>
         <input_file_ref idref="fl-3"/>
      </object_component>
      <object_component id="oc-210">
         <name>.const:.string:NPI_Register</name>
         <load_address>0x600c</load_address>
         <run_address>0x600c</run_address>
         <size>0x6</size>
         <input_file_ref idref="fl-2"/>
      </object_component>
      <object_component id="oc-15c">
         <name>.const:.string:NPI_RegisterMsg</name>
         <load_address>0x6012</load_address>
         <run_address>0x6012</run_address>
         <size>0x6</size>
         <input_file_ref idref="fl-3"/>
      </object_component>
      <object_component id="oc-5f1">
         <name>.cinit..data.load</name>
         <load_address>0x6018</load_address>
         <run_address>0x6018</run_address>
         <size>0x10d</size>
      </object_component>
      <object_component id="oc-5ef">
         <name>__TI_handler_table</name>
         <load_address>0x6128</load_address>
         <run_address>0x6128</run_address>
         <size>0xc</size>
      </object_component>
      <object_component id="oc-5f2">
         <name>.cinit..bss.load</name>
         <load_address>0x6138</load_address>
         <run_address>0x6138</run_address>
         <size>0x8</size>
      </object_component>
      <object_component id="oc-5f0">
         <name>__TI_cinit_table</name>
         <load_address>0x6140</load_address>
         <run_address>0x6140</run_address>
         <size>0x10</size>
      </object_component>
      <object_component id="oc-5c3">
         <name>.binit</name>
         <load_address>0x0</load_address>
         <run_address>0x0</run_address>
         <size>0x0</size>
      </object_component>
      <object_component id="oc-20d">
         <name>.data:NPI_AddService</name>
         <load_address>0x20000b44</load_address>
         <run_address>0x20000b44</run_address>
         <size>0x9</size>
         <input_file_ref idref="fl-2"/>
      </object_component>
      <object_component id="oc-220">
         <name>.data:NPI_GATTSetDeviceName</name>
         <load_address>0x20000a8d</load_address>
         <run_address>0x20000a8d</run_address>
         <size>0x1c</size>
         <input_file_ref idref="fl-2"/>
      </object_component>
      <object_component id="oc-226">
         <name>.data:NPI_SetAdvertisementData</name>
         <load_address>0x20000a48</load_address>
         <run_address>0x20000a48</run_address>
         <size>0x25</size>
         <input_file_ref idref="fl-2"/>
      </object_component>
      <object_component id="oc-235">
         <name>.data:NPI_ReadConfirmation</name>
         <load_address>0x20000ac4</load_address>
         <run_address>0x20000ac4</run_address>
         <size>0x15</size>
         <input_file_ref idref="fl-2"/>
      </object_component>
      <object_component id="oc-232">
         <name>.data:NPI_WriteConfirmation</name>
         <load_address>0x20000b5f</load_address>
         <run_address>0x20000b5f</run_address>
         <size>0x9</size>
         <input_file_ref idref="fl-2"/>
      </object_component>
      <object_component id="oc-238">
         <name>.data:NPI_CCCDUpdatedConfirmation</name>
         <load_address>0x20000b4d</load_address>
         <run_address>0x20000b4d</run_address>
         <size>0x9</size>
         <input_file_ref idref="fl-2"/>
      </object_component>
      <object_component id="oc-21d">
         <name>.data:NPI_SendNotificationIndication</name>
         <load_address>0x20000aee</load_address>
         <run_address>0x20000aee</run_address>
         <size>0x14</size>
         <input_file_ref idref="fl-2"/>
      </object_component>
      <object_component id="oc-216">
         <name>.data:NPI_AddCharValue</name>
         <load_address>0x20000b28</load_address>
         <run_address>0x20000b28</run_address>
         <size>0xe</size>
         <input_file_ref idref="fl-2"/>
      </object_component>
      <object_component id="oc-219">
         <name>.data:NPI_AddCharDescriptor</name>
         <load_address>0x20000a6d</load_address>
         <run_address>0x20000a6d</run_address>
         <size>0x20</size>
         <input_file_ref idref="fl-2"/>
      </object_component>
      <object_component id="oc-213">
         <name>.data</name>
         <load_address>0x20000b84</load_address>
         <run_address>0x20000b84</run_address>
         <size>0x8</size>
         <input_file_ref idref="fl-2"/>
      </object_component>
      <object_component id="oc-16b">
         <name>.data:NPI_ReadConfirmationMsg</name>
         <load_address>0x20000ad9</load_address>
         <run_address>0x20000ad9</run_address>
         <size>0x15</size>
         <input_file_ref idref="fl-3"/>
      </object_component>
      <object_component id="oc-168">
         <name>.data:NPI_WriteConfirmationMsg</name>
         <load_address>0x20000b68</load_address>
         <run_address>0x20000b68</run_address>
         <size>0x9</size>
         <input_file_ref idref="fl-3"/>
      </object_component>
      <object_component id="oc-16e">
         <name>.data:NPI_CCCDUpdatedConfirmationMsg</name>
         <load_address>0x20000b56</load_address>
         <run_address>0x20000b56</run_address>
         <size>0x9</size>
         <input_file_ref idref="fl-3"/>
      </object_component>
      <object_component id="oc-171">
         <name>.data:NPI_SendNotificationIndicationMsg</name>
         <load_address>0x20000b02</load_address>
         <run_address>0x20000b02</run_address>
         <size>0x14</size>
         <input_file_ref idref="fl-3"/>
      </object_component>
      <object_component id="oc-1f7">
         <name>.data</name>
         <load_address>0x20000aac</load_address>
         <run_address>0x20000aac</run_address>
         <size>0x18</size>
         <input_file_ref idref="fl-5"/>
      </object_component>
      <object_component id="oc-1b3">
         <name>.data</name>
         <load_address>0x20000b9c</load_address>
         <run_address>0x20000b9c</run_address>
         <size>0x4</size>
         <input_file_ref idref="fl-f"/>
      </object_component>
      <object_component id="oc-2db">
         <name>.data</name>
         <load_address>0x20000b94</load_address>
         <run_address>0x20000b94</run_address>
         <size>0x4</size>
         <input_file_ref idref="fl-cb"/>
      </object_component>
      <object_component id="oc-28f">
         <name>.data:$O1$$</name>
         <load_address>0x20000b38</load_address>
         <run_address>0x20000b38</run_address>
         <size>0xc</size>
         <input_file_ref idref="fl-dd"/>
      </object_component>
      <object_component id="oc-262">
         <name>.data:$O1$$</name>
         <load_address>0x20000b74</load_address>
         <run_address>0x20000b74</run_address>
         <size>0x8</size>
         <input_file_ref idref="fl-de"/>
      </object_component>
      <object_component id="oc-1e6">
         <name>.data:_ftable</name>
         <load_address>0x20000890</load_address>
         <run_address>0x20000890</run_address>
         <size>0xf0</size>
         <input_file_ref idref="fl-e2"/>
      </object_component>
      <object_component id="oc-2dc">
         <name>.data</name>
         <load_address>0x20000b18</load_address>
         <run_address>0x20000b18</run_address>
         <size>0x10</size>
         <input_file_ref idref="fl-e2"/>
      </object_component>
      <object_component id="oc-51c">
         <name>.data:$O1$$</name>
         <load_address>0x20000b7c</load_address>
         <run_address>0x20000b7c</run_address>
         <size>0x8</size>
         <input_file_ref idref="fl-e5"/>
      </object_component>
      <object_component id="oc-2d0">
         <name>.data:_device</name>
         <load_address>0x20000980</load_address>
         <run_address>0x20000980</run_address>
         <size>0x78</size>
         <input_file_ref idref="fl-e9"/>
      </object_component>
      <object_component id="oc-50f">
         <name>.data:_stream</name>
         <load_address>0x200009f8</load_address>
         <run_address>0x200009f8</run_address>
         <size>0x50</size>
         <input_file_ref idref="fl-e9"/>
      </object_component>
      <object_component id="oc-50e">
         <name>.data</name>
         <load_address>0x20000b98</load_address>
         <run_address>0x20000b98</run_address>
         <size>0x4</size>
         <input_file_ref idref="fl-ea"/>
      </object_component>
      <object_component id="oc-2cf">
         <name>.data</name>
         <load_address>0x20000b8c</load_address>
         <run_address>0x20000b8c</run_address>
         <size>0x4</size>
         <input_file_ref idref="fl-eb"/>
      </object_component>
      <object_component id="oc-4a3">
         <name>.data</name>
         <load_address>0x20000b90</load_address>
         <run_address>0x20000b90</run_address>
         <size>0x4</size>
         <input_file_ref idref="fl-ec"/>
      </object_component>
      <object_component id="oc-573">
         <name>.bss:_CIOBUF_</name>
         <uninitialized>true</uninitialized>
         <run_address>0x20000000</run_address>
         <size>0x120</size>
         <input_file_ref idref="fl-103"/>
      </object_component>
      <object_component id="oc-12a">
         <name>.common:RecvBuf</name>
         <uninitialized>true</uninitialized>
         <run_address>0x20000360</run_address>
         <size>0x80</size>
      </object_component>
      <object_component id="oc-206">
         <name>.common:fcserr</name>
         <uninitialized>true</uninitialized>
         <run_address>0x20000474</run_address>
         <size>0x4</size>
      </object_component>
      <object_component id="oc-20b">
         <name>.common:TimeOutErr</name>
         <uninitialized>true</uninitialized>
         <run_address>0x20000470</run_address>
         <size>0x4</size>
      </object_component>
      <object_component id="oc-207">
         <name>.common:NoSOFErr</name>
         <uninitialized>true</uninitialized>
         <run_address>0x20000458</run_address>
         <size>0x4</size>
      </object_component>
      <object_component id="oc-21c">
         <name>.common:CharacteristicList</name>
         <uninitialized>true</uninitialized>
         <run_address>0x20000220</run_address>
         <size>0xa0</size>
      </object_component>
      <object_component id="oc-20c">
         <name>.common:NotifyCharacteristicList</name>
         <uninitialized>true</uninitialized>
         <run_address>0x200003e0</run_address>
         <size>0x50</size>
      </object_component>
      <object_component id="oc-136">
         <name>.common:Data</name>
         <uninitialized>true</uninitialized>
         <run_address>0x2000048d</run_address>
         <size>0x1</size>
      </object_component>
      <object_component id="oc-13a">
         <name>.common:Handle1</name>
         <uninitialized>true</uninitialized>
         <run_address>0x20000480</run_address>
         <size>0x2</size>
      </object_component>
      <object_component id="oc-141">
         <name>.common:Handle2</name>
         <uninitialized>true</uninitialized>
         <run_address>0x20000482</run_address>
         <size>0x2</size>
      </object_component>
      <object_component id="oc-14e">
         <name>.common:Handle3</name>
         <uninitialized>true</uninitialized>
         <run_address>0x20000484</run_address>
         <size>0x2</size>
      </object_component>
      <object_component id="oc-152">
         <name>.common:Count</name>
         <uninitialized>true</uninitialized>
         <run_address>0x2000048c</run_address>
         <size>0x1</size>
      </object_component>
      <object_component id="oc-156">
         <name>.common:Handle4</name>
         <uninitialized>true</uninitialized>
         <run_address>0x20000486</run_address>
         <size>0x2</size>
      </object_component>
      <object_component id="oc-15a">
         <name>.common:CCCDhandle</name>
         <uninitialized>true</uninitialized>
         <run_address>0x20000478</run_address>
         <size>0x2</size>
      </object_component>
      <object_component id="oc-15b">
         <name>.common:CCCDvalue</name>
         <uninitialized>true</uninitialized>
         <run_address>0x2000047a</run_address>
         <size>0x2</size>
      </object_component>
      <object_component id="oc-f9">
         <name>.common:Period0</name>
         <uninitialized>true</uninitialized>
         <run_address>0x20000488</run_address>
         <size>0x2</size>
      </object_component>
      <object_component id="oc-fc">
         <name>.common:First0</name>
         <uninitialized>true</uninitialized>
         <run_address>0x2000047c</run_address>
         <size>0x2</size>
      </object_component>
      <object_component id="oc-fd">
         <name>.common:Done0</name>
         <uninitialized>true</uninitialized>
         <run_address>0x2000044c</run_address>
         <size>0x4</size>
      </object_component>
      <object_component id="oc-fe">
         <name>.common:Period1</name>
         <uninitialized>true</uninitialized>
         <run_address>0x2000048a</run_address>
         <size>0x2</size>
      </object_component>
      <object_component id="oc-ff">
         <name>.common:First1</name>
         <uninitialized>true</uninitialized>
         <run_address>0x2000047e</run_address>
         <size>0x2</size>
      </object_component>
      <object_component id="oc-100">
         <name>.common:Done1</name>
         <uninitialized>true</uninitialized>
         <run_address>0x20000450</run_address>
         <size>0x4</size>
      </object_component>
      <object_component id="oc-101">
         <name>.common:SpeedR</name>
         <uninitialized>true</uninitialized>
         <run_address>0x2000046c</run_address>
         <size>0x4</size>
      </object_component>
      <object_component id="oc-102">
         <name>.common:SpeedL</name>
         <uninitialized>true</uninitialized>
         <run_address>0x20000468</run_address>
         <size>0x4</size>
      </object_component>
      <object_component id="oc-1fc">
         <name>.common:Bump</name>
         <uninitialized>true</uninitialized>
         <run_address>0x20000440</run_address>
         <size>0x4</size>
      </object_component>
      <object_component id="oc-bf">
         <name>.common:CaptureTask3</name>
         <uninitialized>true</uninitialized>
         <run_address>0x20000444</run_address>
         <size>0x4</size>
      </object_component>
      <object_component id="oc-c2">
         <name>.common:CaptureTask4</name>
         <uninitialized>true</uninitialized>
         <run_address>0x20000448</run_address>
         <size>0x4</size>
      </object_component>
      <object_component id="oc-1cd">
         <name>.common:Messageindexb</name>
         <uninitialized>true</uninitialized>
         <run_address>0x20000454</run_address>
         <size>0x4</size>
      </object_component>
      <object_component id="oc-1ca">
         <name>.common:Messageb</name>
         <uninitialized>true</uninitialized>
         <run_address>0x20000430</run_address>
         <size>0x8</size>
      </object_component>
      <object_component id="oc-c9">
         <name>.common:RxPutI</name>
         <uninitialized>true</uninitialized>
         <run_address>0x20000464</run_address>
         <size>0x4</size>
      </object_component>
      <object_component id="oc-cc">
         <name>.common:RxGetI</name>
         <uninitialized>true</uninitialized>
         <run_address>0x20000460</run_address>
         <size>0x4</size>
      </object_component>
      <object_component id="oc-cd">
         <name>.common:RxFifoLost</name>
         <uninitialized>true</uninitialized>
         <run_address>0x2000045c</run_address>
         <size>0x4</size>
      </object_component>
      <object_component id="oc-ce">
         <name>.common:RxFIFO</name>
         <uninitialized>true</uninitialized>
         <run_address>0x20000120</run_address>
         <size>0x100</size>
      </object_component>
      <object_component id="oc-42c">
         <name>.common:__TI_tmpnams</name>
         <uninitialized>true</uninitialized>
         <run_address>0x200002c0</run_address>
         <size>0xa0</size>
      </object_component>
      <object_component id="oc-4eb">
         <name>.common:parmbuf</name>
         <uninitialized>true</uninitialized>
         <run_address>0x20000438</run_address>
         <size>0x8</size>
      </object_component>
      <object_component id="oc-29">
         <name>.sysmem</name>
         <uninitialized>true</uninitialized>
         <run_address>0x20000490</run_address>
         <size>0x10</size>
         <input_file_ref idref="fl-e5"/>
      </object_component>
      <object_component id="oc-5f5">
         <name>.sysmem</name>
         <uninitialized>true</uninitialized>
         <run_address>0x20000490</run_address>
         <size>0x0</size>
      </object_component>
      <object_component id="oc-2c">
         <name>.stack</name>
         <uninitialized>true</uninitialized>
         <run_address>0x2000fe00</run_address>
         <size>0x4</size>
         <input_file_ref idref="fl-ed"/>
      </object_component>
      <object_component id="oc-5f4">
         <name>.stack</name>
         <uninitialized>true</uninitialized>
         <run_address>0x2000fe00</run_address>
         <size>0x0</size>
      </object_component>
      <object_component id="oc-12b">
         <name>.debug_info</name>
         <load_address>0x0</load_address>
         <run_address>0x0</run_address>
         <size>0x98a</size>
         <input_file_ref idref="fl-2"/>
      </object_component>
      <object_component id="oc-209">
         <name>.debug_info</name>
         <load_address>0x98a</load_address>
         <run_address>0x98a</run_address>
         <size>0x125</size>
         <input_file_ref idref="fl-2"/>
      </object_component>
      <object_component id="oc-22d">
         <name>.debug_info</name>
         <load_address>0xaaf</load_address>
         <run_address>0xaaf</run_address>
         <size>0x113</size>
         <input_file_ref idref="fl-2"/>
      </object_component>
      <object_component id="oc-230">
         <name>.debug_info</name>
         <load_address>0xbc2</load_address>
         <run_address>0xbc2</run_address>
         <size>0x115</size>
         <input_file_ref idref="fl-2"/>
      </object_component>
      <object_component id="oc-20e">
         <name>.debug_info</name>
         <load_address>0xcd7</load_address>
         <run_address>0xcd7</run_address>
         <size>0x115</size>
         <input_file_ref idref="fl-2"/>
      </object_component>
      <object_component id="oc-211">
         <name>.debug_info</name>
         <load_address>0xdec</load_address>
         <run_address>0xdec</run_address>
         <size>0x111</size>
         <input_file_ref idref="fl-2"/>
      </object_component>
      <object_component id="oc-224">
         <name>.debug_info</name>
         <load_address>0xefd</load_address>
         <run_address>0xefd</run_address>
         <size>0x123</size>
         <input_file_ref idref="fl-2"/>
      </object_component>
      <object_component id="oc-221">
         <name>.debug_info</name>
         <load_address>0x1020</load_address>
         <run_address>0x1020</run_address>
         <size>0x123</size>
         <input_file_ref idref="fl-2"/>
      </object_component>
      <object_component id="oc-227">
         <name>.debug_info</name>
         <load_address>0x1143</load_address>
         <run_address>0x1143</run_address>
         <size>0x129</size>
         <input_file_ref idref="fl-2"/>
      </object_component>
      <object_component id="oc-22a">
         <name>.debug_info</name>
         <load_address>0x126c</load_address>
         <run_address>0x126c</run_address>
         <size>0x125</size>
         <input_file_ref idref="fl-2"/>
      </object_component>
      <object_component id="oc-236">
         <name>.debug_info</name>
         <load_address>0x1391</load_address>
         <run_address>0x1391</run_address>
         <size>0x121</size>
         <input_file_ref idref="fl-2"/>
      </object_component>
      <object_component id="oc-233">
         <name>.debug_info</name>
         <load_address>0x14b2</load_address>
         <run_address>0x14b2</run_address>
         <size>0x123</size>
         <input_file_ref idref="fl-2"/>
      </object_component>
      <object_component id="oc-239">
         <name>.debug_info</name>
         <load_address>0x15d5</load_address>
         <run_address>0x15d5</run_address>
         <size>0x12f</size>
         <input_file_ref idref="fl-2"/>
      </object_component>
      <object_component id="oc-21e">
         <name>.debug_info</name>
         <load_address>0x1704</load_address>
         <run_address>0x1704</run_address>
         <size>0x135</size>
         <input_file_ref idref="fl-2"/>
      </object_component>
      <object_component id="oc-217">
         <name>.debug_info</name>
         <load_address>0x1839</load_address>
         <run_address>0x1839</run_address>
         <size>0x119</size>
         <input_file_ref idref="fl-2"/>
      </object_component>
      <object_component id="oc-21a">
         <name>.debug_info</name>
         <load_address>0x1952</load_address>
         <run_address>0x1952</run_address>
         <size>0x123</size>
         <input_file_ref idref="fl-2"/>
      </object_component>
      <object_component id="oc-214">
         <name>.debug_info</name>
         <load_address>0x1a75</load_address>
         <run_address>0x1a75</run_address>
         <size>0x164</size>
         <input_file_ref idref="fl-2"/>
      </object_component>
      <object_component id="oc-11d">
         <name>.debug_info</name>
         <load_address>0x1bd9</load_address>
         <run_address>0x1bd9</run_address>
         <size>0x1d01</size>
         <input_file_ref idref="fl-2"/>
      </object_component>
      <object_component id="oc-1b9">
         <name>.debug_info</name>
         <load_address>0x38da</load_address>
         <run_address>0x38da</run_address>
         <size>0x37e2</size>
         <input_file_ref idref="fl-2"/>
      </object_component>
      <object_component id="oc-d2">
         <name>.debug_info</name>
         <load_address>0x70bc</load_address>
         <run_address>0x70bc</run_address>
         <size>0x26b</size>
         <input_file_ref idref="fl-2"/>
      </object_component>
      <object_component id="oc-1be">
         <name>.debug_info</name>
         <load_address>0x7327</load_address>
         <run_address>0x7327</run_address>
         <size>0x1055</size>
         <input_file_ref idref="fl-2"/>
      </object_component>
      <object_component id="oc-247">
         <name>.debug_info</name>
         <load_address>0x837c</load_address>
         <run_address>0x837c</run_address>
         <size>0x155</size>
         <input_file_ref idref="fl-2"/>
      </object_component>
      <object_component id="oc-35">
         <name>.debug_info</name>
         <load_address>0x84d1</load_address>
         <run_address>0x84d1</run_address>
         <size>0x84</size>
         <input_file_ref idref="fl-2"/>
      </object_component>
      <object_component id="oc-1c3">
         <name>.debug_info</name>
         <load_address>0x8555</load_address>
         <run_address>0x8555</run_address>
         <size>0x2a4</size>
         <input_file_ref idref="fl-2"/>
      </object_component>
      <object_component id="oc-c4">
         <name>.debug_info</name>
         <load_address>0x87f9</load_address>
         <run_address>0x87f9</run_address>
         <size>0xbb</size>
         <input_file_ref idref="fl-2"/>
      </object_component>
      <object_component id="oc-fa">
         <name>.debug_info</name>
         <load_address>0x88b4</load_address>
         <run_address>0x88b4</run_address>
         <size>0xc7c</size>
         <input_file_ref idref="fl-3"/>
      </object_component>
      <object_component id="oc-12e">
         <name>.debug_info</name>
         <load_address>0x9530</load_address>
         <run_address>0x9530</run_address>
         <size>0xf1</size>
         <input_file_ref idref="fl-3"/>
      </object_component>
      <object_component id="oc-131">
         <name>.debug_info</name>
         <load_address>0x9621</load_address>
         <run_address>0x9621</run_address>
         <size>0xf3</size>
         <input_file_ref idref="fl-3"/>
      </object_component>
      <object_component id="oc-134">
         <name>.debug_info</name>
         <load_address>0x9714</load_address>
         <run_address>0x9714</run_address>
         <size>0xf3</size>
         <input_file_ref idref="fl-3"/>
      </object_component>
      <object_component id="oc-15d">
         <name>.debug_info</name>
         <load_address>0x9807</load_address>
         <run_address>0x9807</run_address>
         <size>0xef</size>
         <input_file_ref idref="fl-3"/>
      </object_component>
      <object_component id="oc-160">
         <name>.debug_info</name>
         <load_address>0x98f6</load_address>
         <run_address>0x98f6</run_address>
         <size>0xff</size>
         <input_file_ref idref="fl-3"/>
      </object_component>
      <object_component id="oc-128">
         <name>.debug_info</name>
         <load_address>0x99f5</load_address>
         <run_address>0x99f5</run_address>
         <size>0x101</size>
         <input_file_ref idref="fl-3"/>
      </object_component>
      <object_component id="oc-163">
         <name>.debug_info</name>
         <load_address>0x9af6</load_address>
         <run_address>0x9af6</run_address>
         <size>0x107</size>
         <input_file_ref idref="fl-3"/>
      </object_component>
      <object_component id="oc-166">
         <name>.debug_info</name>
         <load_address>0x9bfd</load_address>
         <run_address>0x9bfd</run_address>
         <size>0x103</size>
         <input_file_ref idref="fl-3"/>
      </object_component>
      <object_component id="oc-16c">
         <name>.debug_info</name>
         <load_address>0x9d00</load_address>
         <run_address>0x9d00</run_address>
         <size>0xff</size>
         <input_file_ref idref="fl-3"/>
      </object_component>
      <object_component id="oc-169">
         <name>.debug_info</name>
         <load_address>0x9dff</load_address>
         <run_address>0x9dff</run_address>
         <size>0x101</size>
         <input_file_ref idref="fl-3"/>
      </object_component>
      <object_component id="oc-16f">
         <name>.debug_info</name>
         <load_address>0x9f00</load_address>
         <run_address>0x9f00</run_address>
         <size>0x10d</size>
         <input_file_ref idref="fl-3"/>
      </object_component>
      <object_component id="oc-172">
         <name>.debug_info</name>
         <load_address>0xa00d</load_address>
         <run_address>0xa00d</run_address>
         <size>0x113</size>
         <input_file_ref idref="fl-3"/>
      </object_component>
      <object_component id="oc-138">
         <name>.debug_info</name>
         <load_address>0xa120</load_address>
         <run_address>0xa120</run_address>
         <size>0xf3</size>
         <input_file_ref idref="fl-3"/>
      </object_component>
      <object_component id="oc-13c">
         <name>.debug_info</name>
         <load_address>0xa213</load_address>
         <run_address>0xa213</run_address>
         <size>0xfd</size>
         <input_file_ref idref="fl-3"/>
      </object_component>
      <object_component id="oc-13f">
         <name>.debug_info</name>
         <load_address>0xa310</load_address>
         <run_address>0xa310</run_address>
         <size>0xf3</size>
         <input_file_ref idref="fl-3"/>
      </object_component>
      <object_component id="oc-143">
         <name>.debug_info</name>
         <load_address>0xa403</load_address>
         <run_address>0xa403</run_address>
         <size>0xfe</size>
         <input_file_ref idref="fl-3"/>
      </object_component>
      <object_component id="oc-146">
         <name>.debug_info</name>
         <load_address>0xa501</load_address>
         <run_address>0xa501</run_address>
         <size>0xf4</size>
         <input_file_ref idref="fl-3"/>
      </object_component>
      <object_component id="oc-150">
         <name>.debug_info</name>
         <load_address>0xa5f5</load_address>
         <run_address>0xa5f5</run_address>
         <size>0xfe</size>
         <input_file_ref idref="fl-3"/>
      </object_component>
      <object_component id="oc-154">
         <name>.debug_info</name>
         <load_address>0xa6f3</load_address>
         <run_address>0xa6f3</run_address>
         <size>0xf4</size>
         <input_file_ref idref="fl-3"/>
      </object_component>
      <object_component id="oc-158">
         <name>.debug_info</name>
         <load_address>0xa7e7</load_address>
         <run_address>0xa7e7</run_address>
         <size>0xfe</size>
         <input_file_ref idref="fl-3"/>
      </object_component>
      <object_component id="oc-a7">
         <name>.debug_info</name>
         <load_address>0xa8e5</load_address>
         <run_address>0xa8e5</run_address>
         <size>0xa28</size>
         <input_file_ref idref="fl-3"/>
      </object_component>
      <object_component id="oc-2be">
         <name>.debug_info</name>
         <load_address>0xb30d</load_address>
         <run_address>0xb30d</run_address>
         <size>0xcc</size>
         <input_file_ref idref="fl-3"/>
      </object_component>
      <object_component id="oc-273">
         <name>.debug_info</name>
         <load_address>0xb3d9</load_address>
         <run_address>0xb3d9</run_address>
         <size>0x2c</size>
         <input_file_ref idref="fl-3"/>
      </object_component>
      <object_component id="oc-1fd">
         <name>.debug_info</name>
         <load_address>0xb405</load_address>
         <run_address>0xb405</run_address>
         <size>0x580</size>
         <input_file_ref idref="fl-4"/>
      </object_component>
      <object_component id="oc-116">
         <name>.debug_info</name>
         <load_address>0xb985</load_address>
         <run_address>0xb985</run_address>
         <size>0x234</size>
[...]
      </symbol>
      <symbol id="sm-869">
         <name>__aeabi_dadd</name>
         <value>0x38c7</value>
         <object_component_ref idref="oc-33e"/>
      </symbol>
      <symbol id="sm-88b">
         <name>__aeabi_cdcmpeq</name>
         <value>0x4f35</value>
         <object_component_ref idref="oc-35b"/>
      </symbol>
      <symbol id="sm-88c">
         <name>__aeabi_cdcmple</name>
         <value>0x4f35</value>
         <object_component_ref idref="oc-35b"/>
      </symbol>
      <symbol id="sm-88d">
         <name>__aeabi_cdrcmple</name>
         <value>0x4fbb</value>
         <object_component_ref idref="oc-461"/>
      </symbol>
      <symbol id="sm-8a1">
         <name>__aeabi_ddiv</name>
         <value>0x3ea1</value>
         <object_component_ref idref="oc-339"/>
      </symbol>
      <symbol id="sm-8ac">
         <name>__aeabi_dmul</name>
         <value>0x4641</value>
         <object_component_ref idref="oc-45c"/>
      </symbol>
      <symbol id="sm-8b6">
         <name>__aeabi_d2iz</name>
         <value>0x5899</value>
         <object_component_ref idref="oc-343"/>
      </symbol>
      <symbol id="sm-8c0">
         <name>__aeabi_i2d</name>
         <value>0x5ba1</value>
         <object_component_ref idref="oc-334"/>
      </symbol>
      <symbol id="sm-8db">
         <name>memcpy</name>
         <value>0x4d75</value>
         <object_component_ref idref="oc-3a"/>
      </symbol>
      <symbol id="sm-8dc">
         <name>__aeabi_memcpy</name>
         <value>0x4d75</value>
         <object_component_ref idref="oc-3a"/>
      </symbol>
      <symbol id="sm-8dd">
         <name>__aeabi_memcpy8</name>
         <value>0x4d75</value>
         <object_component_ref idref="oc-3a"/>
      </symbol>
      <symbol id="sm-8de">
         <name>__aeabi_memcpy4</name>
         <value>0x4d75</value>
         <object_component_ref idref="oc-3a"/>
      </symbol>
      <symbol id="sm-8e8">
         <name>__aeabi_ui2d</name>
         <value>0x5cb9</value>
         <object_component_ref idref="oc-32f"/>
      </symbol>
      <symbol id="sm-8f5">
         <name>__aeabi_uldivmod</name>
         <value>0x4e11</value>
         <object_component_ref idref="oc-455"/>
      </symbol>
      <symbol id="sm-907">
         <name>__TI_zero_init</name>
         <value>0x5daf</value>
         <object_component_ref idref="oc-4c"/>
      </symbol>
      <symbol id="sm-91e">
         <name>__TI_decompress_none</name>
         <value>0x5d93</value>
         <object_component_ref idref="oc-1d"/>
      </symbol>
      <symbol id="sm-941">
         <name>__TI_decompress_lzss</name>
         <value>0x5355</value>
         <object_component_ref idref="oc-17"/>
      </symbol>
      <symbol id="sm-967">
         <name>C$$EXIT</name>
         <value>0x5dd9</value>
         <object_component_ref idref="oc-175"/>
      </symbol>
      <symbol id="sm-968">
         <name>abort</name>
         <value>0x5dd9</value>
         <object_component_ref idref="oc-175"/>
      </symbol>
      <symbol id="sm-969">
         <name>__TI_dtors_ptr</name>
         <value>0x20000b3c</value>
         <object_component_ref idref="oc-28f"/>
      </symbol>
      <symbol id="sm-96a">
         <name>__TI_cleanup_ptr</name>
         <value>0x20000b38</value>
         <object_component_ref idref="oc-28f"/>
      </symbol>
      <symbol id="sm-96b">
         <name>__TI_enable_exit_profile_output</name>
         <value>0x20000b40</value>
         <object_component_ref idref="oc-28f"/>
      </symbol>
      <symbol id="sm-96c">
         <name>exit</name>
         <value>0x5851</value>
         <object_component_ref idref="oc-17b"/>
      </symbol>
      <symbol id="sm-981">
         <name>_nop</name>
         <value>0x1b87</value>
         <object_component_ref idref="oc-396"/>
      </symbol>
      <symbol id="sm-982">
         <name>_lock</name>
         <value>0x20000b74</value>
         <object_component_ref idref="oc-262"/>
      </symbol>
      <symbol id="sm-983">
         <name>_unlock</name>
         <value>0x20000b78</value>
         <object_component_ref idref="oc-262"/>
      </symbol>
      <symbol id="sm-992">
         <name>__TI_ltoa</name>
         <value>0x5713</value>
         <object_component_ref idref="oc-466"/>
      </symbol>
      <symbol id="sm-9a8">
         <name>atoi</name>
         <value>0x5805</value>
         <object_component_ref idref="oc-34f"/>
      </symbol>
      <symbol id="sm-9b3">
         <name>_ctypes_</name>
         <value>0x5ddc</value>
         <object_component_ref idref="oc-450"/>
      </symbol>
      <symbol id="sm-9c8">
         <name>__TI_tmpnams</name>
         <value>0x200002c0</value>
      </symbol>
      <symbol id="sm-9c9">
         <name>__aeabi_stdout</name>
         <value>0x20000b20</value>
         <object_component_ref idref="oc-2dc"/>
      </symbol>
      <symbol id="sm-9ca">
         <name>__aeabi_stderr</name>
         <value>0x20000b24</value>
         <object_component_ref idref="oc-2dc"/>
      </symbol>
      <symbol id="sm-9cb">
         <name>__aeabi_stdin</name>
         <value>0x20000b1c</value>
         <object_component_ref idref="oc-2dc"/>
      </symbol>
      <symbol id="sm-9cc">
         <name>_ftable</name>
         <value>0x20000890</value>
         <object_component_ref idref="oc-1e6"/>
      </symbol>
      <symbol id="sm-9cd">
         <name>__TI_ft_end</name>
         <value>0x20000b18</value>
         <object_component_ref idref="oc-2dc"/>
      </symbol>
      <symbol id="sm-9dd">
         <name>memccpy</name>
         <value>0x5cf5</value>
         <object_component_ref idref="oc-378"/>
      </symbol>
      <symbol id="sm-9ed">
         <name>memchr</name>
         <value>0x5c99</value>
         <object_component_ref idref="oc-4bd"/>
      </symbol>
      <symbol id="sm-a71">
         <name>_sys_memory</name>
         <value>0x20000490</value>
         <object_component_ref idref="oc-29"/>
      </symbol>
      <symbol id="sm-a72">
         <name>free</name>
         <value>0x4831</value>
         <object_component_ref idref="oc-2e8"/>
      </symbol>
      <symbol id="sm-a73">
         <name>memalign</name>
         <value>0x4539</value>
         <object_component_ref idref="oc-43c"/>
      </symbol>
      <symbol id="sm-a74">
         <name>malloc</name>
         <value>0x5dc5</value>
         <object_component_ref idref="oc-2ee"/>
      </symbol>
      <symbol id="sm-a75">
         <name>aligned_alloc</name>
         <value>0x4539</value>
         <object_component_ref idref="oc-43c"/>
      </symbol>
      <symbol id="sm-a85">
         <name>strchr</name>
         <value>0x5d43</value>
         <object_component_ref idref="oc-493"/>
      </symbol>
      <symbol id="sm-a93">
         <name>strlen</name>
         <value>0x5d6d</value>
         <object_component_ref idref="oc-349"/>
      </symbol>
      <symbol id="sm-aa8">
         <name>write</name>
         <value>0x5c4d</value>
         <object_component_ref idref="oc-4c3"/>
      </symbol>
      <symbol id="sm-ab9">
         <name>_stream</name>
         <value>0x200009f8</value>
         <object_component_ref idref="oc-50f"/>
      </symbol>
      <symbol id="sm-aba">
         <name>_device</name>
         <value>0x20000980</value>
         <object_component_ref idref="oc-2d0"/>
      </symbol>
      <symbol id="sm-ad7">
         <name>open</name>
         <value>0x4ab1</value>
         <object_component_ref idref="oc-40f"/>
      </symbol>
      <symbol id="sm-af7">
         <name>add_device</name>
         <value>0x4b6d</value>
         <object_component_ref idref="oc-1ce"/>
      </symbol>
      <symbol id="sm-b0d">
         <name>__aeabi_errno_addr</name>
         <value>0x5dbd</value>
         <object_component_ref idref="oc-384"/>
      </symbol>
      <symbol id="sm-b0e">
         <name>errno</name>
         <value>0x20000b90</value>
         <object_component_ref idref="oc-4a3"/>
      </symbol>
      <symbol id="sm-b21">
         <name>__stack</name>
         <value>0x2000fe00</value>
         <object_component_ref idref="oc-2c"/>
      </symbol>
      <symbol id="sm-b22">
         <name>_c_int00_noargs</name>
         <value>0x5b09</value>
         <object_component_ref idref="oc-58"/>
      </symbol>
      <symbol id="sm-b42">
         <name>frexpl</name>
         <value>0x5425</value>
         <object_component_ref idref="oc-487"/>
      </symbol>
      <symbol id="sm-b43">
         <name>frexp</name>
         <value>0x5425</value>
         <object_component_ref idref="oc-487"/>
      </symbol>
      <symbol id="sm-b60">
         <name>scalbn</name>
         <value>0x4211</value>
         <object_component_ref idref="oc-48d"/>
      </symbol>
      <symbol id="sm-b61">
         <name>scalbnl</name>
         <value>0x4211</value>
         <object_component_ref idref="oc-48d"/>
      </symbol>
      <symbol id="sm-b62">
         <name>ldexpl</name>
         <value>0x4211</value>
         <object_component_ref idref="oc-48d"/>
      </symbol>
      <symbol id="sm-b63">
         <name>ldexp</name>
         <value>0x4211</value>
         <object_component_ref idref="oc-48d"/>
      </symbol>
      <symbol id="sm-b7c">
         <name>wcslen</name>
         <value>0x5d81</value>
         <object_component_ref idref="oc-37e"/>
      </symbol>
      <symbol id="sm-b91">
         <name>__TI_closefile</name>
         <value>0x50bd</value>
         <object_component_ref idref="oc-2e1"/>
      </symbol>
      <symbol id="sm-ba1">
         <name>__TI_doflush</name>
         <value>0x57b9</value>
         <object_component_ref idref="oc-41a"/>
      </symbol>
      <symbol id="sm-bb3">
         <name>fseek</name>
         <value>0x5489</value>
         <object_component_ref idref="oc-562"/>
      </symbol>
      <symbol id="sm-bd1">
         <name>finddevice</name>
         <value>0x5b71</value>
         <object_component_ref idref="oc-2c3"/>
      </symbol>
      <symbol id="sm-bd2">
         <name>getdevice</name>
         <value>0x59ad</value>
         <object_component_ref idref="oc-508"/>
      </symbol>
      <symbol id="sm-bdc">
         <name>__aeabi_idiv0</name>
         <value>0x3a73</value>
         <object_component_ref idref="oc-531"/>
      </symbol>
      <symbol id="sm-bdd">
         <name>__aeabi_ldiv0</name>
         <value>0x3a73</value>
         <object_component_ref idref="oc-531"/>
      </symbol>
      <symbol id="sm-c05">
         <name>__TI_auto_init_nobinit_nopinit</name>
         <value>0x5969</value>
         <object_component_ref idref="oc-181"/>
      </symbol>
      <symbol id="sm-c0f">
         <name>_system_pre_init</name>
         <value>0x5dd5</value>
         <object_component_ref idref="oc-a0"/>
      </symbol>
      <symbol id="sm-c20">
         <name>strcmp</name>
         <value>0x5d2b</value>
         <object_component_ref idref="oc-3cc"/>
      </symbol>
      <symbol id="sm-c30">
         <name>strncpy</name>
         <value>0x5a69</value>
         <object_component_ref idref="oc-2c9"/>
      </symbol>
      <symbol id="sm-c41">
         <name>HOSTclose</name>
         <value>0x58e1</value>
         <object_component_ref idref="oc-3dc"/>
      </symbol>
      <symbol id="sm-c52">
         <name>HOSTlseek</name>
         <value>0x52ed</value>
         <object_component_ref idref="oc-3ee"/>
      </symbol>
      <symbol id="sm-c64">
         <name>parmbuf</name>
         <value>0x20000438</value>
      </symbol>
      <symbol id="sm-c65">
         <name>HOSTopen</name>
         <value>0x5551</value>
         <object_component_ref idref="oc-3d6"/>
      </symbol>
      <symbol id="sm-c76">
         <name>HOSTread</name>
         <value>0x560d</value>
         <object_component_ref idref="oc-3e2"/>
      </symbol>
      <symbol id="sm-c87">
         <name>HOSTrename</name>
         <value>0x5281</value>
         <object_component_ref idref="oc-3fa"/>
      </symbol>
      <symbol id="sm-c98">
         <name>HOSTunlink</name>
         <value>0x5925</value>
         <object_component_ref idref="oc-3f4"/>
      </symbol>
      <symbol id="sm-ca9">
         <name>HOSTwrite</name>
         <value>0x5665</value>
         <object_component_ref idref="oc-3e8"/>
      </symbol>
      <symbol id="sm-ccd">
         <name>__TI_readmsg</name>
         <value>0x5ad5</value>
         <object_component_ref idref="oc-4e5"/>
      </symbol>
      <symbol id="sm-cce">
         <name>C$$IO$$</name>
         <value>0x5a5f</value>
         <object_component_ref idref="oc-4df"/>
      </symbol>
      <symbol id="sm-ccf">
         <name>__CIOBUF_</name>
         <value>0x20000000</value>
         <object_component_ref idref="oc-573"/>
      </symbol>
      <symbol id="sm-cd0">
         <name>__TI_writemsg</name>
         <value>0x5a31</value>
         <object_component_ref idref="oc-4df"/>
      </symbol>
      <symbol id="sm-ce1">
         <name>lseek</name>
         <value>0x5c25</value>
         <object_component_ref idref="oc-5a8"/>
      </symbol>
      <symbol id="sm-cf5">
         <name>close</name>
         <value>0x55b1</value>
         <object_component_ref idref="oc-420"/>
      </symbol>
      <symbol id="sm-cff">
         <name>copysign</name>
         <value>0x5d11</value>
         <object_component_ref idref="oc-546"/>
      </symbol>
      <symbol id="sm-d00">
         <name>copysignl</name>
         <value>0x5d11</value>
         <object_component_ref idref="oc-546"/>
      </symbol>
      <symbol id="sm-d0e">
         <name>strcpy</name>
         <value>0x5d59</value>
         <object_component_ref idref="oc-4f9"/>
      </symbol>
      <symbol id="sm-d1e">
         <name>unlink</name>
         <value>0x5bd1</value>
         <object_component_ref idref="oc-426"/>
      </symbol>
      <symbol id="sm-d1f">
         <name>__TI_static_base__</name>
         <value>0x0</value>
      </symbol>
      <symbol id="sm-d22">
         <name>__mpu_init</name>
         <value>0x0</value>
      </symbol>
      <symbol id="sm-d23">
         <name>_system_post_cinit</name>
         <value>0x0</value>
      </symbol>
      <symbol id="sm-d24">
         <name>NMI_Handler</name>
         <value>0x5dad</value>
      </symbol>
      <symbol id="sm-d25">
         <name>HardFault_Handler</name>
         <value>0x5dad</value>
      </symbol>
      <symbol id="sm-d26">
         <name>MemManage_Handler</name>
         <value>0x5dad</value>
      </symbol>
      <symbol id="sm-d27">
         <name>BusFault_Handler</name>
         <value>0x5dad</value>
      </symbol>
      <symbol id="sm-d28">
         <name>UsageFault_Handler</name>
         <value>0x5dad</value>
      </symbol>
      <symbol id="sm-d29">
         <name>SVC_Handler</name>
         <value>0x5dad</value>
      </symbol>
      <symbol id="sm-d2a">
         <name>DebugMon_Handler</name>
         <value>0x5dad</value>
      </symbol>
      <symbol id="sm-d2b">
         <name>PendSV_Handler</name>
         <value>0x5dad</value>
      </symbol>
      <symbol id="sm-d2c">
         <name>SysTick_Handler</name>
         <value>0x5dad</value>
      </symbol>
      <symbol id="sm-d2d">
         <name>PSS_IRQHandler</name>
         <value>0x5dad</value>
      </symbol>
      <symbol id="sm-d2e">
         <name>CS_IRQHandler</name>
         <value>0x5dad</value>
      </symbol>
      <symbol id="sm-d2f">
         <name>PCM_IRQHandler</name>
         <value>0x5dad</value>
      </symbol>
      <symbol id="sm-d30">
         <name>WDT_A_IRQHandler</name>
         <value>0x5dad</value>
      </symbol>
      <symbol id="sm-d31">
         <name>FPU_IRQHandler</name>
         <value>0x5dad</value>
      </symbol>
      <symbol id="sm-d32">
         <name>FLCTL_IRQHandler</name>
         <value>0x5dad</value>
      </symbol>
      <symbol id="sm-d33">
         <name>COMP_E0_IRQHandler</name>
         <value>0x5dad</value>
      </symbol>
      <symbol id="sm-d34">
         <name>COMP_E1_IRQHandler</name>
         <value>0x5dad</value>
      </symbol>
      <symbol id="sm-d35">
         <name>TA0_0_IRQHandler</name>
         <value>0x5dad</value>
      </symbol>
      <symbol id="sm-d36">
         <name>TA0_N_IRQHandler</name>
         <value>0x5dad</value>
      </symbol>
      <symbol id="sm-d37">
         <name>TA1_0_IRQHandler</name>
         <value>0x5dad</value>
      </symbol>
      <symbol id="sm-d38">
         <name>TA1_N_IRQHandler</name>
         <value>0x5dad</value>
      </symbol>
      <symbol id="sm-d39">
         <name>TA2_0_IRQHandler</name>
         <value>0x5dad</value>
      </symbol>
      <symbol id="sm-d3a">
         <name>TA2_N_IRQHandler</name>
         <value>0x5dad</value>
      </symbol>
      <symbol id="sm-d3b">
         <name>TA3_0_IRQHandler</name>
         <value>0x43b1</value>
      </symbol>
      <symbol id="sm-d3c">
         <name>TA3_N_IRQHandler</name>
         <value>0x43cb</value>
      </symbol>
      <symbol id="sm-d3d">
         <name>EUSCIA0_IRQHandler</name>
         <value>0x5dad</value>
      </symbol>
      <symbol id="sm-d3e">
         <name>EUSCIA1_IRQHandler</name>
         <value>0x5dad</value>
      </symbol>
      <symbol id="sm-d3f">
         <name>EUSCIA2_IRQHandler</name>
         <value>0x3b9d</value>
      </symbol>
      <symbol id="sm-d40">
         <name>EUSCIA3_IRQHandler</name>
         <value>0x5dad</value>
      </symbol>
      <symbol id="sm-d41">
         <name>EUSCIB0_IRQHandler</name>
         <value>0x5dad</value>
      </symbol>
      <symbol id="sm-d42">
         <name>EUSCIB1_IRQHandler</name>
         <value>0x5dad</value>
      </symbol>
      <symbol id="sm-d43">
         <name>EUSCIB2_IRQHandler</name>
         <value>0x5dad</value>
      </symbol>
      <symbol id="sm-d44">
         <name>EUSCIB3_IRQHandler</name>
         <value>0x5dad</value>
      </symbol>
      <symbol id="sm-d45">
         <name>ADC14_IRQHandler</name>
         <value>0x5dad</value>
      </symbol>
      <symbol id="sm-d46">
         <name>T32_INT1_IRQHandler</name>
         <value>0x5dad</value>
      </symbol>
      <symbol id="sm-d47">
         <name>T32_INT2_IRQHandler</name>
         <value>0x5dad</value>
      </symbol>
      <symbol id="sm-d48">
         <name>T32_INTC_IRQHandler</name>
         <value>0x5dad</value>
      </symbol>
      <symbol id="sm-d49">
         <name>AES256_IRQHandler</name>
         <value>0x5dad</value>
      </symbol>
      <symbol id="sm-d4a">
         <name>RTC_C_IRQHandler</name>
         <value>0x5dad</value>
      </symbol>
      <symbol id="sm-d4b">
         <name>DMA_ERR_IRQHandler</name>
         <value>0x5dad</value>
      </symbol>
      <symbol id="sm-d4c">
         <name>DMA_INT3_IRQHandler</name>
         <value>0x5dad</value>
      </symbol>
      <symbol id="sm-d4d">
         <name>DMA_INT2_IRQHandler</name>
         <value>0x5dad</value>
      </symbol>
      <symbol id="sm-d4e">
         <name>DMA_INT1_IRQHandler</name>
         <value>0x5dad</value>
      </symbol>
      <symbol id="sm-d4f">
         <name>DMA_INT0_IRQHandler</name>
         <value>0x5dad</value>
      </symbol>
      <symbol id="sm-d50">
         <name>PORT1_IRQHandler</name>
         <value>0x5dad</value>
      </symbol>
      <symbol id="sm-d51">
         <name>PORT2_IRQHandler</name>
         <value>0x5dad</value>
      </symbol>
      <symbol id="sm-d52">
         <name>PORT3_IRQHandler</name>
         <value>0x5dad</value>
      </symbol>
      <symbol id="sm-d53">
         <name>PORT4_IRQHandler</name>
         <value>0x5dad</value>
      </symbol>
      <symbol id="sm-d54">
         <name>PORT5_IRQHandler</name>
         <value>0x5dad</value>
      </symbol>
      <symbol id="sm-d55">
         <name>PORT6_IRQHandler</name>
         <value>0x5dad</value>
      </symbol>
      <symbol id="sm-d56">
         <name>remove</name>
         <value>0x5bd1</value>
      </symbol>
   </symbol_table>
   <title>Link successful</title>
</link_info>
