******************************************************************************
                  TI ARM Linker PC v20.2.1                     
******************************************************************************
>> Linked Sun Nov  8 10:51:02 2020

OUTPUT FILE NAME:   <TestBT&Motors.out>
ENTRY POINT SYMBOL: "_c_int00_noargs"  address: 000051bd


MEMORY CONFIGURATION

         name            origin    length      used     unused   attr    fill
----------------------  --------  ---------  --------  --------  ----  --------
  MAIN                  00000000   00040000  000057dc  0003a824  R  X
  INFO                  00200000   00004000  00000000  00004000  R  X
  SRAM_CODE             01000000   00010000  00000d7a  0000f286  RW X
  SRAM_DATA             20000000   00010000  00000d7a  0000f286  RW  


SEGMENT ALLOCATION MAP

run origin  load origin   length   init length attrs members
----------  ----------- ---------- ----------- ----- -------
00000000    00000000    000057e0   000057e0    r-x
  00000000    00000000    000000e4   000000e4    r-- .intvecs
  000000e4    000000e4    0000538c   0000538c    r-x .text
  00005470    00005470    0000023c   0000023c    r-- .const
  000056b0    000056b0    00000130   00000130    r-- .cinit
20000000    20000000    00000b80   00000000    rw-
  20000000    20000000    0000046a   00000000    rw- .bss
  20000470    20000470    00000400   00000000    rw- .sysmem
  20000870    20000870    00000310   00000000    rw- .data
2000fe00    2000fe00    00000200   00000000    rw-
  2000fe00    2000fe00    00000200   00000000    rw- .stack


SECTION ALLOCATION MAP

 output                                  attributes/
section   page    origin      length       input sections
--------  ----  ----------  ----------   ----------------
.intvecs   0    00000000    000000e4     
                  00000000    000000e4     startup_msp432p401r_ccs.obj (.intvecs:retain)

.text      0    000000e4    0000538c     
                  000000e4    0000106c     AP.obj (.text)
                  00001150    00000a4e     rtsv7M4_T_le_v4SPD16_eabi.lib : _printfi.c.obj (.text:__TI_printfi)
                  00001b9e    00000002                                   : _lock.c.obj (.text:_nop)
                  00001ba0    000006e0     UART0.obj (.text)
                  00002280    0000066c     BTMOTOR.obj (.text)
                  000028ec    0000032c     system_msp432p401r.obj (.text)
                  00002c18    00000270     rtsv7M4_T_le_v4SPD16_eabi.lib : _printfi.c.obj (.text:_pconv_a)
                  00002e88    000001e0     Clock.obj (.text)
                  00003068    000001d0     rtsv7M4_T_le_v4SPD16_eabi.lib : _printfi.c.obj (.text:_pconv_g)
                  00003238    000001b6                                   : fd_add_t2.asm.obj (.text)
                  000033ee    00000002                                   : div0.asm.obj (.text)
                  000033f0    000001a4     UART1.obj (.text)
                  00003594    0000013c     rtsv7M4_T_le_v4SPD16_eabi.lib : _printfi.c.obj (.text:_pconv_e)
                  000036d0    00000136                                   : fd_div_t2.asm.obj (.text)
                  00003806    00000002     --HOLE-- [fill = 0]
                  00003808    00000124                                   : _printfi.c.obj (.text:fcvt)
                  0000392c    00000114                                   : fputs.c.obj (.text:fputs)
                  00003a40    00000110                                   : s_scalbn.c.obj (.text:scalbn)
                  00003b50    0000010c                                   : fopen.c.obj (.text:_openfile)
                  00003c5c    00000108                                   : memory.c.obj (.text:aligned_alloc)
                  00003d64    000000fc                                   : fd_mul_t2.asm.obj (.text)
                  00003e60    000000f4     LaunchPad.obj (.text)
                  00003f54    000000e4     rtsv7M4_T_le_v4SPD16_eabi.lib : memory.c.obj (.text:free)
                  00004038    000000dc                                   : setvbuf.c.obj (.text:setvbuf)
                  00004114    000000c0     GPIO.obj (.text)
                  000041d4    000000bc     rtsv7M4_T_le_v4SPD16_eabi.lib : open.c.obj (.text:open)
                  00004290    000000b8                                   : add_device.c.obj (.text:add_device)
                  00004348    000000b1                                   : _printfi.c.obj (.text:_ltostr)
                  000043f9    00000003     --HOLE-- [fill = 0]
                  000043fc    0000009c                                   : fopen.c.obj (.text:fopen)
                  00004498    0000009c                                   : memcpy_t2.asm.obj (.text)
                  00004534    00000096                                   : ull_div_t2.asm.obj (.text)
                  000045ca    00000002     --HOLE-- [fill = 0]
                  000045cc    0000008c                                   : fputc.c.obj (.text:fputc)
                  00004658    00000086                                   : fd_cmp_t2.asm.obj (.text:__aeabi_cdcmple)
                  000046de    00000086                                   : fd_cmp_t2.asm.obj (.text:__aeabi_cdrcmple)
                  00004764    0000007a                                   : memset_t2.asm.obj (.text)
                  000047de    00000002     --HOLE-- [fill = 0]
                  000047e0    00000074                                   : fclose.c.obj (.text:__TI_closefile)
                  00004854    00000070                                   : memory.c.obj (.text:split)
                  000048c4    0000006e                                   : _printfi.c.obj (.text:_mcpy)
                  00004932    00000002     --HOLE-- [fill = 0]
                  00004934    0000006c                                   : hostrename.c.obj (.text:HOSTrename)
                  000049a0    00000068                                   : hostlseek.c.obj (.text:HOSTlseek)
                  00004a08    00000068                                   : copy_decompress_lzss.c.obj (.text:decompress:lzss:__TI_decompress_lzss)
                  00004a70    00000068                                   : printf.c.obj (.text:printf)
                  00004ad8    00000064                                   : s_frexp.c.obj (.text:frexp)
                  00004b3c    00000064                                   : fseek.c.obj (.text:fseek)
                  00004ba0    00000062                                   : _io_perm.c.obj (.text:__TI_wrt_ok)
                  00004c02    00000002     --HOLE-- [fill = 0]
                  00004c04    00000060                                   : hostopen.c.obj (.text:HOSTopen)
                  00004c64    0000005c                                   : close.c.obj (.text:close)
                  00004cc0    00000058                                   : hostread.c.obj (.text:HOSTread)
                  00004d18    00000058                                   : hostwrite.c.obj (.text:HOSTwrite)
                  00004d70    00000056                                   : _printfi.c.obj (.text:_pconv_f)
                  00004dc6    00000054                                   : _ltoa.c.obj (.text:__TI_ltoa)
                  00004e1a    00000052                                   : _printfi.c.obj (.text:_ecpy)
                  00004e6c    0000004c                                   : fflush.c.obj (.text:__TI_doflush)
                  00004eb8    0000004c                                   : atoi.c.obj (.text:atoi)
                  00004f04    00000048                                   : exit.c.obj (.text:exit)
                  00004f4c    00000048                                   : fd_toi_t2.asm.obj (.text)
                  00004f94    00000044                                   : hostclose.c.obj (.text:HOSTclose)
                  00004fd8    00000044                                   : hostunlink.c.obj (.text:HOSTunlink)
                  0000501c    00000044                                   : autoinit.c.obj (.text:__TI_auto_init_nobinit_nopinit:__TI_auto_init_nobinit_nopinit)
                  00005060    00000044                                   : getdevice.c.obj (.text:getdevice)
                  000050a4    0000003e                                   : _printfi.c.obj (.text:_fcpy)
                  000050e2    00000002     --HOLE-- [fill = 0]
                  000050e4    00000038                                   : trgmsg.c.obj (.text:__TI_writemsg)
                  0000511c    00000036                                   : strncpy.c.obj (.text:strncpy)
                  00005152    00000002     --HOLE-- [fill = 0]
                  00005154    00000034                                   : fopen.c.obj (.text:__TI_cleanup)
                  00005188    00000034                                   : trgmsg.c.obj (.text:__TI_readmsg)
                  000051bc    00000034                                   : boot_cortex_m.c.obj (.text:_c_int00_noargs:_c_int00_noargs)
                  000051f0    00000034                                   : fopen.c.obj (.text:freopen)
                  00005224    00000030                                   : getdevice.c.obj (.text:finddevice)
                  00005254    0000002e                                   : i_tofd_t2.asm.obj (.text)
                  00005282    00000002     --HOLE-- [fill = 0]
                  00005284    0000002c                                   : unlink.c.obj (.text:unlink)
                  000052b0    00000028                                   : memory.c.obj (.text:free_list_insert)
                  000052d8    00000028                                   : lseek.c.obj (.text:lseek)
                  00005300    00000028                                   : write.c.obj (.text:write)
                  00005328    00000024     CortexM.obj (.text)
                  0000534c    00000020     rtsv7M4_T_le_v4SPD16_eabi.lib : memchr.c.obj (.text:memchr)
                  0000536c    0000001c                                   : memory.c.obj (.text:free_list_remove)
                  00005388    0000001c                                   : memccpy.c.obj (.text:memccpy)
                  000053a4    0000001a                                   : s_copysign.c.obj (.text:copysign)
                  000053be    00000018                                   : strcmp.c.obj (.text:strcmp)
                  000053d6    00000016                                   : strchr.c.obj (.text:strchr)
                  000053ec    00000014                                   : strcpy.c.obj (.text:strcpy)
                  00005400    00000014                                   : strlen.c.obj (.text:strlen)
                  00005414    00000012                                   : wcslen.c.obj (.text:wcslen)
                  00005426    0000000e                                   : copy_decompress_none.c.obj (.text:decompress:none:__TI_decompress_none)
                  00005434    0000000e     startup_msp432p401r_ccs.obj (.text)
                  00005442    0000000c     rtsv7M4_T_le_v4SPD16_eabi.lib : copy_zero_init.c.obj (.text:decompress:ZI:__TI_zero_init)
                  0000544e    00000002     --HOLE-- [fill = 0]
                  00005450    00000008                                   : errno.c.obj (.text:__aeabi_errno_addr)
                  00005458    00000008                                   : memory.c.obj (.text:malloc)
                  00005460    00000004                                   : printf.c.obj (.text:_outc)
                  00005464    00000004                                   : printf.c.obj (.text:_outs)
                  00005468    00000004                                   : pre_init.c.obj (.text:_system_pre_init)
                  0000546c    00000004                                   : exit.c.obj (.text:abort:abort)

.const     0    00005470    0000023c     
                  00005470    00000101     rtsv7M4_T_le_v4SPD16_eabi.lib : ctype.c.obj (.const:.string:_ctypes_)
                  00005571    00000021     BTMOTOR.obj (.const:.string:NPI_SetAdvertisementDataMsg)
                  00005592    00000018     BTMOTOR.obj (.const:.string:NPI_GATTSetDeviceNameMsg)
                  000055aa    00000015     BTMOTOR.obj (.const:.string:NPI_AddCharDescriptor2)
                  000055bf    00000014     AP.obj (.const:.string:NPI_StartAdvertisement)
                  000055d3    00000014     BTMOTOR.obj (.const:.string:NPI_StartAdvertisementMsg)
                  000055e7    00000013     BTMOTOR.obj (.const:.string:NPI_AddCharDescriptor4)
                  000055fa    00000011     BTMOTOR.obj (.const:.string:NPI_AddCharDescriptor1)
                  0000560b    00000011     BTMOTOR.obj (.const:.string:NPI_AddCharDescriptor3)
                  0000561c    00000011     AP.obj (.const:.string:NPI_SetAdvertisement1)
                  0000562d    00000011     BTMOTOR.obj (.const:.string:NPI_SetAdvertisementMsg)
                  0000563e    0000000e     BTMOTOR.obj (.const:.string:NPI_AddCharValue1)
                  0000564c    0000000e     BTMOTOR.obj (.const:.string:NPI_AddCharValue2)
                  0000565a    0000000e     BTMOTOR.obj (.const:.string:NPI_AddCharValue3)
                  00005668    0000000e     BTMOTOR.obj (.const:.string:NPI_AddCharValue4)
                  00005676    00000009     AP.obj (.const:.string:HCI_EXT_ResetSystemCmd)
                  0000567f    00000009     BTMOTOR.obj (.const:.string:NPI_AddServiceMsg)
                  00005688    00000006     AP.obj (.const:.string:NPI_GetStatus)
                  0000568e    00000006     BTMOTOR.obj (.const:.string:NPI_GetStatusMsg)
                  00005694    00000006     AP.obj (.const:.string:NPI_GetVersion)
                  0000569a    00000006     BTMOTOR.obj (.const:.string:NPI_GetVersionMsg)
                  000056a0    00000006     AP.obj (.const:.string:NPI_Register)
                  000056a6    00000006     BTMOTOR.obj (.const:.string:NPI_RegisterMsg)

.cinit     0    000056b0    00000130     
                  000056b0    0000010c     (.cinit..data.load) [load image, compression = lzss]
                  000057bc    0000000c     (__TI_handler_table)
                  000057c8    00000008     (.cinit..bss.load) [load image, compression = zero_init]
                  000057d0    00000010     (__TI_cinit_table)

.init_array 
*          0    00000000    00000000     UNINITIALIZED

.binit     0    00000000    00000000     

.bss       0    20000000    0000046a     UNINITIALIZED
                  20000000    00000120     rtsv7M4_T_le_v4SPD16_eabi.lib : trgmsg.c.obj (.bss:_CIOBUF_)
                  20000120    00000100     (.common:RxFIFO)
                  20000220    000000a0     (.common:CharacteristicList)
                  200002c0    000000a0     (.common:__TI_tmpnams)
                  20000360    00000080     (.common:RecvBuf)
                  200003e0    00000050     (.common:NotifyCharacteristicList)
                  20000430    00000008     (.common:Messageb)
                  20000438    00000008     (.common:parmbuf)
                  20000440    00000004     (.common:Messageindexb)
                  20000444    00000004     (.common:NoSOFErr)
                  20000448    00000004     (.common:RxFifoLost)
                  2000044c    00000004     (.common:RxGetI)
                  20000450    00000004     (.common:RxPutI)
                  20000454    00000004     (.common:TimeOutErr)
                  20000458    00000004     (.common:fcserr)
                  2000045c    00000002     (.common:CCCDhandle)
                  2000045e    00000002     (.common:CCCDvalue)
                  20000460    00000002     (.common:Handle1)
                  20000462    00000002     (.common:Handle2)
                  20000464    00000002     (.common:Handle3)
                  20000466    00000002     (.common:Handle4)
                  20000468    00000001     (.common:Count)
                  20000469    00000001     (.common:Data)

.sysmem    0    20000470    00000400     UNINITIALIZED
                  20000470    00000010     rtsv7M4_T_le_v4SPD16_eabi.lib : memory.c.obj (.sysmem)
                  20000480    000003f0     --HOLE--

.data      0    20000870    00000310     UNINITIALIZED
                  20000870    000000f0     rtsv7M4_T_le_v4SPD16_eabi.lib : defs.c.obj (.data:_ftable)
                  20000960    00000078                                   : host_device.c.obj (.data:_device)
                  200009d8    00000050                                   : host_device.c.obj (.data:_stream)
                  20000a28    00000025     AP.obj (.data:NPI_SetAdvertisementData)
                  20000a4d    00000020     AP.obj (.data:NPI_AddCharDescriptor)
                  20000a6d    0000001c     AP.obj (.data:NPI_GATTSetDeviceName)
                  20000a89    00000003     --HOLE--
                  20000a8c    00000018     Clock.obj (.data)
                  20000aa4    00000015     AP.obj (.data:NPI_ReadConfirmation)
                  20000ab9    00000015     BTMOTOR.obj (.data:NPI_ReadConfirmationMsg)
                  20000ace    00000014     AP.obj (.data:NPI_SendNotificationIndication)
                  20000ae2    00000014     BTMOTOR.obj (.data:NPI_SendNotificationIndicationMsg)
                  20000af6    00000002     --HOLE--
                  20000af8    00000010     rtsv7M4_T_le_v4SPD16_eabi.lib : defs.c.obj (.data)
                  20000b08    0000000e     AP.obj (.data:NPI_AddCharValue)
                  20000b16    00000002     --HOLE--
                  20000b18    0000000c     rtsv7M4_T_le_v4SPD16_eabi.lib : exit.c.obj (.data:$O1$$)
                  20000b24    00000009     AP.obj (.data:NPI_AddService)
                  20000b2d    00000009     AP.obj (.data:NPI_CCCDUpdatedConfirmation)
                  20000b36    00000009     BTMOTOR.obj (.data:NPI_CCCDUpdatedConfirmationMsg)
                  20000b3f    00000009     AP.obj (.data:NPI_WriteConfirmation)
                  20000b48    00000009     BTMOTOR.obj (.data:NPI_WriteConfirmationMsg)
                  20000b51    00000003     --HOLE--
                  20000b54    00000008     rtsv7M4_T_le_v4SPD16_eabi.lib : _lock.c.obj (.data:$O1$$)
                  20000b5c    00000008                                   : memory.c.obj (.data:$O1$$)
                  20000b64    00000008     AP.obj (.data)
                  20000b6c    00000004     rtsv7M4_T_le_v4SPD16_eabi.lib : add_device.c.obj (.data)
                  20000b70    00000004                                   : errno.c.obj (.data)
                  20000b74    00000004                                   : fopen.c.obj (.data)
                  20000b78    00000004                                   : open.c.obj (.data)
                  20000b7c    00000004     system_msp432p401r.obj (.data)

.stack     0    2000fe00    00000200     UNINITIALIZED
                  2000fe00    00000004     rtsv7M4_T_le_v4SPD16_eabi.lib : boot_cortex_m.c.obj (.stack)
                  2000fe04    000001fc     --HOLE--

__llvm_prf_cnts 
*          0    20000000    00000000     UNINITIALIZED

MODULE SUMMARY

       Module                        code    ro data   rw data
       ------                        ----    -------   -------
    ..\
       UART0.obj                     1760    0         24     
    +--+-----------------------------+-------+---------+---------+
       Total:                        1760    0         24     
                                                              
    .\
       AP.obj                        4204    64        1134   
       BTMOTOR.obj                   1644    251       146    
       UART1.obj                     420     0         536    
       system_msp432p401r.obj        812     0         8      
       Clock.obj                     480     0         48     
       LaunchPad.obj                 244     0         0      
       startup_msp432p401r_ccs.obj   14      228       0      
       GPIO.obj                      192     0         0      
       CortexM.obj                   36      0         0      
    +--+-----------------------------+-------+---------+---------+
       Total:                        8046    543       1872   
                                                              
    C:\ti\ccs1010\ccs\tools\compiler\ti-cgt-arm_20.2.1.LTS\lib\rtsv7M4_T_le_v4SPD16_eabi.lib
       _printfi.c.obj                4851    0         0      
       defs.c.obj                    0       0         832    
       memory.c.obj                  680     0         16     
       trgmsg.c.obj                  108     0         576    
       fopen.c.obj                   528     0         8      
       fd_add_t2.asm.obj             438     0         0      
       host_device.c.obj             0       0         400    
       fd_div_t2.asm.obj             310     0         0      
       fputs.c.obj                   276     0         0      
       s_scalbn.c.obj                272     0         0      
       fd_cmp_t2.asm.obj             268     0         0      
       ctype.c.obj                   0       257       0      
       fd_mul_t2.asm.obj             252     0         0      
       setvbuf.c.obj                 220     0         0      
       open.c.obj                    188     0         8      
       add_device.c.obj              184     0         8      
       memcpy_t2.asm.obj             156     0         0      
       ull_div_t2.asm.obj            150     0         0      
       fputc.c.obj                   140     0         0      
       memset_t2.asm.obj             122     0         0      
       fclose.c.obj                  116     0         0      
       getdevice.c.obj               116     0         0      
       hostopen.c.obj                96      0         16     
       printf.c.obj                  112     0         0      
       hostrename.c.obj              108     0         0      
       copy_decompress_lzss.c.obj    104     0         0      
       hostlseek.c.obj               104     0         0      
       exit.c.obj                    76      0         24     
       fseek.c.obj                   100     0         0      
       s_frexp.c.obj                 100     0         0      
       _io_perm.c.obj                98      0         0      
       close.c.obj                   92      0         0      
       hostread.c.obj                88      0         0      
       hostwrite.c.obj               88      0         0      
       _ltoa.c.obj                   84      0         0      
       atoi.c.obj                    76      0         0      
       fflush.c.obj                  76      0         0      
       fd_toi_t2.asm.obj             72      0         0      
       autoinit.c.obj                68      0         0      
       hostclose.c.obj               68      0         0      
       hostunlink.c.obj              68      0         0      
       strncpy.c.obj                 54      0         0      
       boot_cortex_m.c.obj           52      0         0      
       i_tofd_t2.asm.obj             46      0         0      
       unlink.c.obj                  44      0         0      
       lseek.c.obj                   40      0         0      
       write.c.obj                   40      0         0      
       memchr.c.obj                  32      0         0      
       memccpy.c.obj                 28      0         0      
       s_copysign.c.obj              26      0         0      
       strcmp.c.obj                  24      0         0      
       strchr.c.obj                  22      0         0      
       strcpy.c.obj                  20      0         0      
       strlen.c.obj                  20      0         0      
       _lock.c.obj                   2       0         16     
       wcslen.c.obj                  18      0         0      
       errno.c.obj                   8       0         8      
       copy_decompress_none.c.obj    14      0         0      
       copy_zero_init.c.obj          12      0         0      
       pre_init.c.obj                4       0         0      
       div0.asm.obj                  2       0         0      
    +--+-----------------------------+-------+---------+---------+
       Total:                        11561   257       1912   
                                                              
       Heap:                         0       0         2048   
       Stack:                        0       0         1024   
       Linker Generated:             0       304       0      
    +--+-----------------------------+-------+---------+---------+
       Grand Total:                  21367   1104      6880   


LINKER GENERATED COPY TABLES

__TI_cinit_table @ 000057d0 records: 2, size/record: 8, table size: 16
	.data: load addr=000056b0, load size=0000010c bytes, run addr=20000870, run size=00000310 bytes, compression=lzss
	.bss: load addr=000057c8, load size=00000008 bytes, run addr=20000000, run size=0000046a bytes, compression=zero_init


LINKER GENERATED HANDLER TABLE

__TI_handler_table @ 000057bc records: 3, size/record: 4, table size: 12
	index: 0, handler: __TI_decompress_lzss
	index: 1, handler: __TI_decompress_none
	index: 2, handler: __TI_zero_init


GLOBAL SYMBOLS: SORTED ALPHABETICALLY BY Name 

address   name                             
-------   ----                             
00005441  ADC14_IRQHandler                 
00005441  AES256_IRQHandler                
000007ed  AP_AddCharacteristic             
000009a9  AP_AddNotifyCharacteristic       
00000779  AP_AddService                    
00000e6d  AP_BackgroundProcess             
000002a9  AP_EchoReceived                  
0000023d  AP_EchoSendMessage               
00000759  AP_GetNotifyCCCD                 
00000213  AP_GetSize                       
00000d35  AP_GetStatus                     
00000d71  AP_GetVersion                    
0000010d  AP_Init                          
00000521  AP_RecvMessage                   
0000070b  AP_RecvStatus                    
000007ab  AP_RegisterService               
000000e5  AP_Reset                         
00000361  AP_SendMessage                   
00000719  AP_SendMessageResponse           
00000bd5  AP_SendNotification              
00000cd5  AP_StartAdvertisement            
00000d23  AP_StartAdvertisementJacki       
00005441  BusFault_Handler                 
0000546d  C$$EXIT                          
00005113  C$$IO$$                          
2000045c  CCCDhandle                       
2000045e  CCCDvalue                        
00005441  COMP_E0_IRQHandler               
00005441  COMP_E1_IRQHandler               
20000a94  CPMwait                          
00005441  CS_IRQHandler                    
20000b64  CharacteristicCount              
20000220  CharacteristicList               
20000a8c  ClockFrequency                   
00002fdd  Clock_Delay1ms                   
00002fb3  Clock_Delay1us                   
00002f9f  Clock_GetFreq                    
00002e89  Clock_Init48MHz                  
20000468  Count                            
20000aa0  Crystalstable                    
00005441  DMA_ERR_IRQHandler               
00005441  DMA_INT0_IRQHandler              
00005441  DMA_INT1_IRQHandler              
00005441  DMA_INT2_IRQHandler              
00005441  DMA_INT3_IRQHandler              
20000469  Data                             
00005441  DebugMon_Handler                 
00005441  Default_Handler                  
00005329  DisableInterrupts                
00005441  EUSCIA0_IRQHandler               
00005441  EUSCIA1_IRQHandler               
00003519  EUSCIA2_IRQHandler               
00003519  EUSCIA2_IRQHandler               
00005441  EUSCIA3_IRQHandler               
00005441  EUSCIB0_IRQHandler               
00005441  EUSCIB1_IRQHandler               
00005441  EUSCIB2_IRQHandler               
00005441  EUSCIB3_IRQHandler               
0000532f  EnableInterrupts                 
0000533f  EndCritical                      
00005441  FLCTL_IRQHandler                 
00005441  FPU_IRQHandler                   
00004115  GPIO_Init                        
00005676  HCI_EXT_ResetSystemCmd           
00004f95  HOSTclose                        
000049a1  HOSTlseek                        
00004c05  HOSTopen                         
00004cc1  HOSTread                         
00004935  HOSTrename                       
00004fd9  HOSTunlink                       
00004d19  HOSTwrite                        
20000460  Handle1                          
20000462  Handle2                          
20000464  Handle3                          
20000466  Handle4                          
00005441  HardFault_Handler                
20000a9c  IFlags                           
00003e61  LaunchPad_Init                   
00003ed1  LaunchPad_Input                  
00003eeb  LaunchPad_LED                    
00003f09  LaunchPad_Output                 
00005441  MemManage_Handler                
20000430  Messageb                         
20000440  Messageindexb                    
00005441  NMI_Handler                      
20000a4d  NPI_AddCharDescriptor            
000055fa  NPI_AddCharDescriptor1           
000055aa  NPI_AddCharDescriptor2           
0000560b  NPI_AddCharDescriptor3           
000055e7  NPI_AddCharDescriptor4           
20000b08  NPI_AddCharValue                 
0000563e  NPI_AddCharValue1                
0000564c  NPI_AddCharValue2                
0000565a  NPI_AddCharValue3                
00005668  NPI_AddCharValue4                
20000b24  NPI_AddService                   
0000567f  NPI_AddServiceMsg                
20000b2d  NPI_CCCDUpdatedConfirmation      
20000b36  NPI_CCCDUpdatedConfirmationMsg   
20000a6d  NPI_GATTSetDeviceName            
00005592  NPI_GATTSetDeviceNameMsg         
00005688  NPI_GetStatus                    
0000568e  NPI_GetStatusMsg                 
00005694  NPI_GetVersion                   
0000569a  NPI_GetVersionMsg                
20000aa4  NPI_ReadConfirmation             
20000ab9  NPI_ReadConfirmationMsg          
000056a0  NPI_Register                     
000056a6  NPI_RegisterMsg                  
20000ace  NPI_SendNotificationIndication   
20000ae2  NPI_SendNotificationIndicationMsg
0000561c  NPI_SetAdvertisement1            
20000a28  NPI_SetAdvertisementData         
00005571  NPI_SetAdvertisementDataMsg      
0000562d  NPI_SetAdvertisementMsg          
000055bf  NPI_StartAdvertisement           
000055d3  NPI_StartAdvertisementMsg        
20000b3f  NPI_WriteConfirmation            
20000b48  NPI_WriteConfirmationMsg         
20000444  NoSOFErr                         
20000b68  NotifyCharacteristicCount        
200003e0  NotifyCharacteristicList         
00002281  OutValue                         
00005441  PCM_IRQHandler                   
00005441  PORT1_IRQHandler                 
00005441  PORT2_IRQHandler                 
00005441  PORT3_IRQHandler                 
00005441  PORT4_IRQHandler                 
00005441  PORT5_IRQHandler                 
00005441  PORT6_IRQHandler                 
00005441  PSS_IRQHandler                   
00005441  PendSV_Handler                   
20000a98  Postwait                         
20000a90  Prewait                          
00005441  RTC_C_IRQHandler                 
20000360  RecvBuf                          
00005435  Reset_Handler                    
20000120  RxFIFO                           
20000448  RxFifoLost                       
00003449  RxFifo_Get                       
000033f1  RxFifo_Init                      
00003403  RxFifo_Put                       
2000044c  RxGetI                           
20000450  RxPutI                           
00005441  SVC_Handler                      
00005335  StartCritical                    
00005441  SysTick_Handler                  
20000b7c  SystemCoreClock                  
000028ed  SystemCoreClockUpdate            
00002b61  SystemInit                       
00005441  T32_INT1_IRQHandler              
00005441  T32_INT2_IRQHandler              
00005441  T32_INTC_IRQHandler              
00005441  TA0_0_IRQHandler                 
00005441  TA0_N_IRQHandler                 
00005441  TA1_0_IRQHandler                 
00005441  TA1_N_IRQHandler                 
00005441  TA2_0_IRQHandler                 
00005441  TA2_N_IRQHandler                 
00005441  TA3_0_IRQHandler                 
00005441  TA3_N_IRQHandler                 
20000454  TimeOutErr                       
00001be7  UART0_InChar                     
00002091  UART0_InString                   
00001c31  UART0_InUDec                     
00001f45  UART0_InUHex                     
00001ba1  UART0_Init                       
000021f3  UART0_Initprintf                 
00001bf7  UART0_OutChar                    
00001ce5  UART0_OutSDec                    
00001c13  UART0_OutString                  
00001cb5  UART0_OutUDec                    
00001e59  UART0_OutUDec4                   
00001ea1  UART0_OutUDec5                   
00001ed3  UART0_OutUFix1                   
00001efb  UART0_OutUFix2                   
00002009  UART0_OutUHex                    
00002075  UART0_OutUHex2                   
0000354d  UART1_FinishOutput               
000034eb  UART1_InChar                     
0000347f  UART1_InStatus                   
0000348f  UART1_Init                       
000034fd  UART1_OutChar                    
0000352f  UART1_OutString                  
00005441  UsageFault_Handler               
4000480c  WDTCTL_SYM                       
00005441  WDT_A_IRQHandler                 
00005347  WaitForInterrupt                 
20000000  __CIOBUF_                        
20010000  __STACK_END                      
00000200  __STACK_SIZE                     
00000400  __SYSMEM_SIZE                    
000057d0  __TI_CINIT_Base                  
000057e0  __TI_CINIT_Limit                 
000057bc  __TI_Handler_Table_Base          
000057c8  __TI_Handler_Table_Limit         
0000501d  __TI_auto_init_nobinit_nopinit   
00005155  __TI_cleanup                     
20000b18  __TI_cleanup_ptr                 
000047e1  __TI_closefile                   
00004a09  __TI_decompress_lzss             
00005427  __TI_decompress_none             
00004e6d  __TI_doflush                     
20000b1c  __TI_dtors_ptr                   
20000b20  __TI_enable_exit_profile_output  
20000af8  __TI_ft_end                      
00004dc7  __TI_ltoa                        
ffffffff  __TI_pprof_out_hndl              
00001151  __TI_printfi                     
ffffffff  __TI_prof_data_size              
ffffffff  __TI_prof_data_start             
00005189  __TI_readmsg                     
00000000  __TI_static_base__               
200002c0  __TI_tmpnams                     
000050e5  __TI_writemsg                    
00004ba1  __TI_wrt_ok                      
00005443  __TI_zero_init                   
00004659  __aeabi_cdcmpeq                  
00004659  __aeabi_cdcmple                  
000046df  __aeabi_cdrcmple                 
00004f4d  __aeabi_d2iz                     
00003243  __aeabi_dadd                     
000036d1  __aeabi_ddiv                     
00003d65  __aeabi_dmul                     
00003239  __aeabi_dsub                     
00005451  __aeabi_errno_addr               
00005255  __aeabi_i2d                      
000033ef  __aeabi_idiv0                    
000033ef  __aeabi_ldiv0                    
00004765  __aeabi_memclr                   
00004765  __aeabi_memclr4                  
00004765  __aeabi_memclr8                  
00004499  __aeabi_memcpy                   
00004499  __aeabi_memcpy4                  
00004499  __aeabi_memcpy8                  
00004767  __aeabi_memset                   
00004767  __aeabi_memset4                  
00004767  __aeabi_memset8                  
20000b04  __aeabi_stderr                   
20000afc  __aeabi_stdin                    
20000b00  __aeabi_stdout                   
00004535  __aeabi_uldivmod                 
ffffffff  __binit__                        
ffffffff  __c_args__                       
UNDEFED   __mpu_init                       
2000fe00  __stack                          
20000000  __start___llvm_prf_cnts          
20000000  __stop___llvm_prf_cnts           
000051bd  _c_int00_noargs                  
00005470  _ctypes_                         
20000960  _device                          
20000870  _ftable                          
20000b54  _lock                            
00001b9f  _nop                             
200009d8  _stream                          
20000470  _sys_memory                      
UNDEFED   _system_post_cinit               
00005469  _system_pre_init                 
20000b58  _unlock                          
0000546d  abort                            
00004291  add_device                       
00003c5d  aligned_alloc                    
00004eb9  atoi                             
ffffffff  binit                            
00004c65  close                            
000053a5  copysign                         
000053a5  copysignl                        
00002fa5  delay                            
20000b70  errno                            
00004f05  exit                             
20000458  fcserr                           
00002125  ferror                           
0000210b  fgetc                            
00005225  finddevice                       
000043fd  fopen                            
000045cd  fputc                            
0000392d  fputs                            
00003f55  free                             
000051f1  freopen                          
00004ad9  frexp                            
00004ad9  frexpl                           
00004b3d  fseek                            
00005061  getdevice                        
00000000  interruptVectors                 
00003a41  ldexp                            
00003a41  ldexpl                           
000052d9  lseek                            
00002295  main                             
00005459  malloc                           
00003c5d  memalign                         
00005389  memccpy                          
0000534d  memchr                           
00004499  memcpy                           
0000476d  memset                           
000041d5  open                             
0000204d  outnibble                        
20000438  parmbuf                          
00004a71  printf                           
000045cd  putc                             
00005285  remove                           
00003a41  scalbn                           
00003a41  scalbnl                          
00004039  setvbuf                          
000053d7  strchr                           
000053bf  strcmp                           
000053ed  strcpy                           
00005401  strlen                           
0000511d  strncpy                          
0000214b  uart_close                       
000021c9  uart_lseek                       
0000213b  uart_open                        
00002157  uart_read                        
000021e5  uart_rename                      
000021d9  uart_unlink                      
00002187  uart_write                       
00005285  unlink                           
00005415  wcslen                           
00005301  write                            


GLOBAL SYMBOLS: SORTED BY Symbol Address 

address   name                             
-------   ----                             
00000000  __TI_static_base__               
00000000  interruptVectors                 
000000e5  AP_Reset                         
0000010d  AP_Init                          
00000200  __STACK_SIZE                     
00000213  AP_GetSize                       
0000023d  AP_EchoSendMessage               
000002a9  AP_EchoReceived                  
00000361  AP_SendMessage                   
00000400  __SYSMEM_SIZE                    
00000521  AP_RecvMessage                   
0000070b  AP_RecvStatus                    
00000719  AP_SendMessageResponse           
00000759  AP_GetNotifyCCCD                 
00000779  AP_AddService                    
000007ab  AP_RegisterService               
000007ed  AP_AddCharacteristic             
000009a9  AP_AddNotifyCharacteristic       
00000bd5  AP_SendNotification              
00000cd5  AP_StartAdvertisement            
00000d23  AP_StartAdvertisementJacki       
00000d35  AP_GetStatus                     
00000d71  AP_GetVersion                    
00000e6d  AP_BackgroundProcess             
00001151  __TI_printfi                     
00001b9f  _nop                             
00001ba1  UART0_Init                       
00001be7  UART0_InChar                     
00001bf7  UART0_OutChar                    
00001c13  UART0_OutString                  
00001c31  UART0_InUDec                     
00001cb5  UART0_OutUDec                    
00001ce5  UART0_OutSDec                    
00001e59  UART0_OutUDec4                   
00001ea1  UART0_OutUDec5                   
00001ed3  UART0_OutUFix1                   
00001efb  UART0_OutUFix2                   
00001f45  UART0_InUHex                     
00002009  UART0_OutUHex                    
0000204d  outnibble                        
00002075  UART0_OutUHex2                   
00002091  UART0_InString                   
0000210b  fgetc                            
00002125  ferror                           
0000213b  uart_open                        
0000214b  uart_close                       
00002157  uart_read                        
00002187  uart_write                       
000021c9  uart_lseek                       
000021d9  uart_unlink                      
000021e5  uart_rename                      
000021f3  UART0_Initprintf                 
00002281  OutValue                         
00002295  main                             
000028ed  SystemCoreClockUpdate            
00002b61  SystemInit                       
00002e89  Clock_Init48MHz                  
00002f9f  Clock_GetFreq                    
00002fa5  delay                            
00002fb3  Clock_Delay1us                   
00002fdd  Clock_Delay1ms                   
00003239  __aeabi_dsub                     
00003243  __aeabi_dadd                     
000033ef  __aeabi_idiv0                    
000033ef  __aeabi_ldiv0                    
000033f1  RxFifo_Init                      
00003403  RxFifo_Put                       
00003449  RxFifo_Get                       
0000347f  UART1_InStatus                   
0000348f  UART1_Init                       
000034eb  UART1_InChar                     
000034fd  UART1_OutChar                    
00003519  EUSCIA2_IRQHandler               
00003519  EUSCIA2_IRQHandler               
0000352f  UART1_OutString                  
0000354d  UART1_FinishOutput               
000036d1  __aeabi_ddiv                     
0000392d  fputs                            
00003a41  ldexp                            
00003a41  ldexpl                           
00003a41  scalbn                           
00003a41  scalbnl                          
00003c5d  aligned_alloc                    
00003c5d  memalign                         
00003d65  __aeabi_dmul                     
00003e61  LaunchPad_Init                   
00003ed1  LaunchPad_Input                  
00003eeb  LaunchPad_LED                    
00003f09  LaunchPad_Output                 
00003f55  free                             
00004039  setvbuf                          
00004115  GPIO_Init                        
000041d5  open                             
00004291  add_device                       
000043fd  fopen                            
00004499  __aeabi_memcpy                   
00004499  __aeabi_memcpy4                  
00004499  __aeabi_memcpy8                  
00004499  memcpy                           
00004535  __aeabi_uldivmod                 
000045cd  fputc                            
000045cd  putc                             
00004659  __aeabi_cdcmpeq                  
00004659  __aeabi_cdcmple                  
000046df  __aeabi_cdrcmple                 
00004765  __aeabi_memclr                   
00004765  __aeabi_memclr4                  
00004765  __aeabi_memclr8                  
00004767  __aeabi_memset                   
00004767  __aeabi_memset4                  
00004767  __aeabi_memset8                  
0000476d  memset                           
000047e1  __TI_closefile                   
00004935  HOSTrename                       
000049a1  HOSTlseek                        
00004a09  __TI_decompress_lzss             
00004a71  printf                           
00004ad9  frexp                            
00004ad9  frexpl                           
00004b3d  fseek                            
00004ba1  __TI_wrt_ok                      
00004c05  HOSTopen                         
00004c65  close                            
00004cc1  HOSTread                         
00004d19  HOSTwrite                        
00004dc7  __TI_ltoa                        
00004e6d  __TI_doflush                     
00004eb9  atoi                             
00004f05  exit                             
00004f4d  __aeabi_d2iz                     
00004f95  HOSTclose                        
00004fd9  HOSTunlink                       
0000501d  __TI_auto_init_nobinit_nopinit   
00005061  getdevice                        
000050e5  __TI_writemsg                    
00005113  C$$IO$$                          
0000511d  strncpy                          
00005155  __TI_cleanup                     
00005189  __TI_readmsg                     
000051bd  _c_int00_noargs                  
000051f1  freopen                          
00005225  finddevice                       
00005255  __aeabi_i2d                      
00005285  remove                           
00005285  unlink                           
000052d9  lseek                            
00005301  write                            
00005329  DisableInterrupts                
0000532f  EnableInterrupts                 
00005335  StartCritical                    
0000533f  EndCritical                      
00005347  WaitForInterrupt                 
0000534d  memchr                           
00005389  memccpy                          
000053a5  copysign                         
000053a5  copysignl                        
000053bf  strcmp                           
000053d7  strchr                           
000053ed  strcpy                           
00005401  strlen                           
00005415  wcslen                           
00005427  __TI_decompress_none             
00005435  Reset_Handler                    
00005441  ADC14_IRQHandler                 
00005441  AES256_IRQHandler                
00005441  BusFault_Handler                 
00005441  COMP_E0_IRQHandler               
00005441  COMP_E1_IRQHandler               
00005441  CS_IRQHandler                    
00005441  DMA_ERR_IRQHandler               
00005441  DMA_INT0_IRQHandler              
00005441  DMA_INT1_IRQHandler              
00005441  DMA_INT2_IRQHandler              
00005441  DMA_INT3_IRQHandler              
00005441  DebugMon_Handler                 
00005441  Default_Handler                  
00005441  EUSCIA0_IRQHandler               
00005441  EUSCIA1_IRQHandler               
00005441  EUSCIA3_IRQHandler               
00005441  EUSCIB0_IRQHandler               
00005441  EUSCIB1_IRQHandler               
00005441  EUSCIB2_IRQHandler               
00005441  EUSCIB3_IRQHandler               
00005441  FLCTL_IRQHandler                 
00005441  FPU_IRQHandler                   
00005441  HardFault_Handler                
00005441  MemManage_Handler                
00005441  NMI_Handler                      
00005441  PCM_IRQHandler                   
00005441  PORT1_IRQHandler                 
00005441  PORT2_IRQHandler                 
00005441  PORT3_IRQHandler                 
00005441  PORT4_IRQHandler                 
00005441  PORT5_IRQHandler                 
00005441  PORT6_IRQHandler                 
00005441  PSS_IRQHandler                   
00005441  PendSV_Handler                   
00005441  RTC_C_IRQHandler                 
00005441  SVC_Handler                      
00005441  SysTick_Handler                  
00005441  T32_INT1_IRQHandler              
00005441  T32_INT2_IRQHandler              
00005441  T32_INTC_IRQHandler              
00005441  TA0_0_IRQHandler                 
00005441  TA0_N_IRQHandler                 
00005441  TA1_0_IRQHandler                 
00005441  TA1_N_IRQHandler                 
00005441  TA2_0_IRQHandler                 
00005441  TA2_N_IRQHandler                 
00005441  TA3_0_IRQHandler                 
00005441  TA3_N_IRQHandler                 
00005441  UsageFault_Handler               
00005441  WDT_A_IRQHandler                 
00005443  __TI_zero_init                   
00005451  __aeabi_errno_addr               
00005459  malloc                           
00005469  _system_pre_init                 
0000546d  C$$EXIT                          
0000546d  abort                            
00005470  _ctypes_                         
00005571  NPI_SetAdvertisementDataMsg      
00005592  NPI_GATTSetDeviceNameMsg         
000055aa  NPI_AddCharDescriptor2           
000055bf  NPI_StartAdvertisement           
000055d3  NPI_StartAdvertisementMsg        
000055e7  NPI_AddCharDescriptor4           
000055fa  NPI_AddCharDescriptor1           
0000560b  NPI_AddCharDescriptor3           
0000561c  NPI_SetAdvertisement1            
0000562d  NPI_SetAdvertisementMsg          
0000563e  NPI_AddCharValue1                
0000564c  NPI_AddCharValue2                
0000565a  NPI_AddCharValue3                
00005668  NPI_AddCharValue4                
00005676  HCI_EXT_ResetSystemCmd           
0000567f  NPI_AddServiceMsg                
00005688  NPI_GetStatus                    
0000568e  NPI_GetStatusMsg                 
00005694  NPI_GetVersion                   
0000569a  NPI_GetVersionMsg                
000056a0  NPI_Register                     
000056a6  NPI_RegisterMsg                  
000057bc  __TI_Handler_Table_Base          
000057c8  __TI_Handler_Table_Limit         
000057d0  __TI_CINIT_Base                  
000057e0  __TI_CINIT_Limit                 
20000000  __CIOBUF_                        
20000000  __start___llvm_prf_cnts          
20000000  __stop___llvm_prf_cnts           
20000120  RxFIFO                           
20000220  CharacteristicList               
200002c0  __TI_tmpnams                     
20000360  RecvBuf                          
200003e0  NotifyCharacteristicList         
20000430  Messageb                         
20000438  parmbuf                          
20000440  Messageindexb                    
20000444  NoSOFErr                         
20000448  RxFifoLost                       
2000044c  RxGetI                           
20000450  RxPutI                           
20000454  TimeOutErr                       
20000458  fcserr                           
2000045c  CCCDhandle                       
2000045e  CCCDvalue                        
20000460  Handle1                          
20000462  Handle2                          
20000464  Handle3                          
20000466  Handle4                          
20000468  Count                            
20000469  Data                             
20000470  _sys_memory                      
20000870  _ftable                          
20000960  _device                          
200009d8  _stream                          
20000a28  NPI_SetAdvertisementData         
20000a4d  NPI_AddCharDescriptor            
20000a6d  NPI_GATTSetDeviceName            
20000a8c  ClockFrequency                   
20000a90  Prewait                          
20000a94  CPMwait                          
20000a98  Postwait                         
20000a9c  IFlags                           
20000aa0  Crystalstable                    
20000aa4  NPI_ReadConfirmation             
20000ab9  NPI_ReadConfirmationMsg          
20000ace  NPI_SendNotificationIndication   
20000ae2  NPI_SendNotificationIndicationMsg
20000af8  __TI_ft_end                      
20000afc  __aeabi_stdin                    
20000b00  __aeabi_stdout                   
20000b04  __aeabi_stderr                   
20000b08  NPI_AddCharValue                 
20000b18  __TI_cleanup_ptr                 
20000b1c  __TI_dtors_ptr                   
20000b20  __TI_enable_exit_profile_output  
20000b24  NPI_AddService                   
20000b2d  NPI_CCCDUpdatedConfirmation      
20000b36  NPI_CCCDUpdatedConfirmationMsg   
20000b3f  NPI_WriteConfirmation            
20000b48  NPI_WriteConfirmationMsg         
20000b54  _lock                            
20000b58  _unlock                          
20000b64  CharacteristicCount              
20000b68  NotifyCharacteristicCount        
20000b70  errno                            
20000b7c  SystemCoreClock                  
2000fe00  __stack                          
20010000  __STACK_END                      
4000480c  WDTCTL_SYM                       
ffffffff  __TI_pprof_out_hndl              
ffffffff  __TI_prof_data_size              
ffffffff  __TI_prof_data_start             
ffffffff  __binit__                        
ffffffff  __c_args__                       
ffffffff  binit                            
UNDEFED   __mpu_init                       
UNDEFED   _system_post_cinit               

[318 symbols]
